../Core/Src/main.c:78:5:main	8	static
../Core/Src/main.c:134:6:SystemClock_Config	88	static
../Core/Src/main.c:180:13:MX_ADC1_Init	56	static
../Core/Src/main.c:248:13:MX_TIM1_Init	120	static
../Core/Src/main.c:330:13:MX_TIM2_Init	40	static
../Core/Src/main.c:375:13:MX_TIM3_Init	40	static
../Core/Src/main.c:420:13:MX_USART2_UART_Init	8	static
../Core/Src/main.c:466:13:MX_DMA_Init	16	static
../Core/Src/main.c:485:13:MX_GPIO_Init	24	static
../Core/Src/main.c:496:6:HAL_ADC_ConvCpltCallback	16	static
../Core/Src/main.c:501:6:HAL_TIM_PeriodElapsedCallback	16	static
../Core/Src/main.c:526:6:Error_Handler	4	static,ignoring_inline_asm
