../Core/Src/main.c:90:5:main	8	static
../Core/Src/main.c:149:6:SystemClock_Config	88	static
../Core/Src/main.c:193:13:MX_ADC1_Init	56	static
../Core/Src/main.c:260:13:MX_ADC2_Init	40	static
../Core/Src/main.c:315:13:MX_DAC1_Init	56	static
../Core/Src/main.c:360:13:MX_DAC2_Init	56	static
../Core/Src/main.c:405:13:MX_TIM1_Init	120	static
../Core/Src/main.c:487:13:MX_TIM3_Init	40	static
../Core/Src/main.c:532:13:MX_TIM8_Init	40	static
../Core/Src/main.c:579:13:MX_USART2_UART_Init	8	static
../Core/Src/main.c:625:13:MX_DMA_Init	16	static
../Core/Src/main.c:653:13:MX_GPIO_Init	24	static
../Core/Src/main.c:682:6:HAL_ADC_ConvCpltCallback	16	static
../Core/Src/main.c:700:6:Error_Handler	4	static,ignoring_inline_asm
