Archive member included to satisfy reference by file (symbol)

e:/stm32cubeide1.9.0/stm32cubeide_1.9.0/stm32cubeide/plugins/com.st.stm32cube.ide.mcu.externaltools.gnu-tools-for-stm32.10.3-2021.10.win32_1.0.0.202111181127/tools/bin/../lib/gcc/arm-none-eabi/10.3.1/../../../../arm-none-eabi/lib/thumb/v7e-m+fp/hard\libc_nano.a(lib_a-errno.o)
                              ./Core/Src/syscalls.o (__errno)
e:/stm32cubeide1.9.0/stm32cubeide_1.9.0/stm32cubeide/plugins/com.st.stm32cube.ide.mcu.externaltools.gnu-tools-for-stm32.10.3-2021.10.win32_1.0.0.202111181127/tools/bin/../lib/gcc/arm-none-eabi/10.3.1/../../../../arm-none-eabi/lib/thumb/v7e-m+fp/hard\libc_nano.a(lib_a-exit.o)
                              e:/stm32cubeide1.9.0/stm32cubeide_1.9.0/stm32cubeide/plugins/com.st.stm32cube.ide.mcu.externaltools.gnu-tools-for-stm32.10.3-2021.10.win32_1.0.0.202111181127/tools/bin/../lib/gcc/arm-none-eabi/10.3.1/../../../../arm-none-eabi/lib/thumb/v7e-m+fp/hard/crt0.o (exit)
e:/stm32cubeide1.9.0/stm32cubeide_1.9.0/stm32cubeide/plugins/com.st.stm32cube.ide.mcu.externaltools.gnu-tools-for-stm32.10.3-2021.10.win32_1.0.0.202111181127/tools/bin/../lib/gcc/arm-none-eabi/10.3.1/../../../../arm-none-eabi/lib/thumb/v7e-m+fp/hard\libc_nano.a(lib_a-impure.o)
                              e:/stm32cubeide1.9.0/stm32cubeide_1.9.0/stm32cubeide/plugins/com.st.stm32cube.ide.mcu.externaltools.gnu-tools-for-stm32.10.3-2021.10.win32_1.0.0.202111181127/tools/bin/../lib/gcc/arm-none-eabi/10.3.1/../../../../arm-none-eabi/lib/thumb/v7e-m+fp/hard\libc_nano.a(lib_a-exit.o) (_global_impure_ptr)
e:/stm32cubeide1.9.0/stm32cubeide_1.9.0/stm32cubeide/plugins/com.st.stm32cube.ide.mcu.externaltools.gnu-tools-for-stm32.10.3-2021.10.win32_1.0.0.202111181127/tools/bin/../lib/gcc/arm-none-eabi/10.3.1/../../../../arm-none-eabi/lib/thumb/v7e-m+fp/hard\libc_nano.a(lib_a-init.o)
                              e:/stm32cubeide1.9.0/stm32cubeide_1.9.0/stm32cubeide/plugins/com.st.stm32cube.ide.mcu.externaltools.gnu-tools-for-stm32.10.3-2021.10.win32_1.0.0.202111181127/tools/bin/../lib/gcc/arm-none-eabi/10.3.1/../../../../arm-none-eabi/lib/thumb/v7e-m+fp/hard/crt0.o (__libc_init_array)
e:/stm32cubeide1.9.0/stm32cubeide_1.9.0/stm32cubeide/plugins/com.st.stm32cube.ide.mcu.externaltools.gnu-tools-for-stm32.10.3-2021.10.win32_1.0.0.202111181127/tools/bin/../lib/gcc/arm-none-eabi/10.3.1/../../../../arm-none-eabi/lib/thumb/v7e-m+fp/hard\libc_nano.a(lib_a-memset.o)
                              e:/stm32cubeide1.9.0/stm32cubeide_1.9.0/stm32cubeide/plugins/com.st.stm32cube.ide.mcu.externaltools.gnu-tools-for-stm32.10.3-2021.10.win32_1.0.0.202111181127/tools/bin/../lib/gcc/arm-none-eabi/10.3.1/../../../../arm-none-eabi/lib/thumb/v7e-m+fp/hard/crt0.o (memset)
e:/stm32cubeide1.9.0/stm32cubeide_1.9.0/stm32cubeide/plugins/com.st.stm32cube.ide.mcu.externaltools.gnu-tools-for-stm32.10.3-2021.10.win32_1.0.0.202111181127/tools/bin/../lib/gcc/arm-none-eabi/10.3.1/../../../../arm-none-eabi/lib/thumb/v7e-m+fp/hard\libc_nano.a(lib_a-sprintf.o)
                              ./Core/Src/main.o (sprintf)
e:/stm32cubeide1.9.0/stm32cubeide_1.9.0/stm32cubeide/plugins/com.st.stm32cube.ide.mcu.externaltools.gnu-tools-for-stm32.10.3-2021.10.win32_1.0.0.202111181127/tools/bin/../lib/gcc/arm-none-eabi/10.3.1/../../../../arm-none-eabi/lib/thumb/v7e-m+fp/hard\libc_nano.a(lib_a-nano-svfprintf.o)
                              e:/stm32cubeide1.9.0/stm32cubeide_1.9.0/stm32cubeide/plugins/com.st.stm32cube.ide.mcu.externaltools.gnu-tools-for-stm32.10.3-2021.10.win32_1.0.0.202111181127/tools/bin/../lib/gcc/arm-none-eabi/10.3.1/../../../../arm-none-eabi/lib/thumb/v7e-m+fp/hard\libc_nano.a(lib_a-sprintf.o) (_svfprintf_r)
e:/stm32cubeide1.9.0/stm32cubeide_1.9.0/stm32cubeide/plugins/com.st.stm32cube.ide.mcu.externaltools.gnu-tools-for-stm32.10.3-2021.10.win32_1.0.0.202111181127/tools/bin/../lib/gcc/arm-none-eabi/10.3.1/../../../../arm-none-eabi/lib/thumb/v7e-m+fp/hard\libc_nano.a(lib_a-nano-vfprintf_i.o)
                              e:/stm32cubeide1.9.0/stm32cubeide_1.9.0/stm32cubeide/plugins/com.st.stm32cube.ide.mcu.externaltools.gnu-tools-for-stm32.10.3-2021.10.win32_1.0.0.202111181127/tools/bin/../lib/gcc/arm-none-eabi/10.3.1/../../../../arm-none-eabi/lib/thumb/v7e-m+fp/hard\libc_nano.a(lib_a-nano-svfprintf.o) (_printf_i)
e:/stm32cubeide1.9.0/stm32cubeide_1.9.0/stm32cubeide/plugins/com.st.stm32cube.ide.mcu.externaltools.gnu-tools-for-stm32.10.3-2021.10.win32_1.0.0.202111181127/tools/bin/../lib/gcc/arm-none-eabi/10.3.1/../../../../arm-none-eabi/lib/thumb/v7e-m+fp/hard\libc_nano.a(lib_a-memchr.o)
                              e:/stm32cubeide1.9.0/stm32cubeide_1.9.0/stm32cubeide/plugins/com.st.stm32cube.ide.mcu.externaltools.gnu-tools-for-stm32.10.3-2021.10.win32_1.0.0.202111181127/tools/bin/../lib/gcc/arm-none-eabi/10.3.1/../../../../arm-none-eabi/lib/thumb/v7e-m+fp/hard\libc_nano.a(lib_a-nano-svfprintf.o) (memchr)
[...]
Memory Configuration

Name             Origin             Length             Attributes
RAM              0x0000000020000000 0x0000000000008000 xrw
FLASH            0x0000000008000000 0x0000000000020000 xr
*default*        0x0000000000000000 0xffffffffffffffff

Linker script and memory map

LOAD e:/stm32cubeide1.9.0/stm32cubeide_1.9.0/stm32cubeide/plugins/com.st.stm32cube.ide.mcu.externaltools.gnu-tools-for-stm32.10.3-2021.10.win32_1.0.0.202111181127/tools/bin/../lib/gcc/arm-none-eabi/10.3.1/thumb/v7e-m+fp/hard/crti.o
LOAD e:/stm32cubeide1.9.0/stm32cubeide_1.9.0/stm32cubeide/plugins/com.st.stm32cube.ide.mcu.externaltools.gnu-tools-for-stm32.10.3-2021.10.win32_1.0.0.202111181127/tools/bin/../lib/gcc/arm-none-eabi/10.3.1/thumb/v7e-m+fp/hard/crtbegin.o
LOAD e:/stm32cubeide1.9.0/stm32cubeide_1.9.0/stm32cubeide/plugins/com.st.stm32cube.ide.mcu.externaltools.gnu-tools-for-stm32.10.3-2021.10.win32_1.0.0.202111181127/tools/bin/../lib/gcc/arm-none-eabi/10.3.1/../../../../arm-none-eabi/lib/thumb/v7e-m+fp/hard/crt0.o
LOAD ./Core/Src/main.o
LOAD ./Core/Src/stm32g4xx_hal_msp.o
LOAD ./Core/Src/stm32g4xx_it.o
LOAD ./Core/Src/syscalls.o
LOAD ./Core/Src/sysmem.o
LOAD ./Core/Src/system_stm32g4xx.o
LOAD ./Core/Startup/startup_stm32g431rbtx.o
LOAD ./Drivers/STM32G4xx_HAL_Driver/Src/stm32g4xx_hal.o
LOAD ./Drivers/STM32G4xx_HAL_Driver/Src/stm32g4xx_hal_adc.o
LOAD ./Drivers/STM32G4xx_HAL_Driver/Src/stm32g4xx_hal_adc_ex.o
LOAD ./Drivers/STM32G4xx_HAL_Driver/Src/stm32g4xx_hal_cortex.o
LOAD ./Drivers/STM32G4xx_HAL_Driver/Src/stm32g4xx_hal_dac.o
LOAD ./Drivers/STM32G4xx_HAL_Driver/Src/stm32g4xx_hal_dac_ex.o
LOAD ./Drivers/STM32G4xx_HAL_Driver/Src/stm32g4xx_hal_dma.o
LOAD ./Drivers/STM32G4xx_HAL_Driver/Src/stm32g4xx_hal_dma_ex.o
LOAD ./Drivers/STM32G4xx_HAL_Driver/Src/stm32g4xx_hal_exti.o
LOAD ./Drivers/STM32G4xx_HAL_Driver/Src/stm32g4xx_hal_flash.o
LOAD ./Drivers/STM32G4xx_HAL_Driver/Src/stm32g4xx_hal_flash_ex.o
LOAD ./Drivers/STM32G4xx_HAL_Driver/Src/stm32g4xx_hal_flash_ramfunc.o
LOAD ./Drivers/STM32G4xx_HAL_Driver/Src/stm32g4xx_hal_gpio.o
LOAD ./Drivers/STM32G4xx_HAL_Driver/Src/stm32g4xx_hal_pwr.o
LOAD ./Drivers/STM32G4xx_HAL_Driver/Src/stm32g4xx_hal_pwr_ex.o
LOAD ./Drivers/STM32G4xx_HAL_Driver/Src/stm32g4xx_hal_rcc.o
LOAD ./Drivers/STM32G4xx_HAL_Driver/Src/stm32g4xx_hal_rcc_ex.o
LOAD ./Drivers/STM32G4xx_HAL_Driver/Src/stm32g4xx_hal_tim.o
LOAD ./Drivers/STM32G4xx_HAL_Driver/Src/stm32g4xx_hal_tim_ex.o
LOAD ./Drivers/STM32G4xx_HAL_Driver/Src/stm32g4xx_ll_adc.o
START GROUP
LOAD e:/stm32cubeide1.9.0/stm32cubeide_1.9.0/stm32cubeide/plugins/com.st.stm32cube.ide.mcu.externaltools.gnu-tools-for-stm32.10.3-2021.10.win32_1.0.0.202111181127/tools/bin/../lib/gcc/arm-none-eabi/10.3.1/../../../../arm-none-eabi/lib/thumb/v7e-m+fp/hard\libc_nano.a
LOAD e:/stm32cubeide1.9.0/stm32cubeide_1.9.0/stm32cubeide/plugins/com.st.stm32cube.ide.mcu.externaltools.gnu-tools-for-stm32.10.3-2021.10.win32_1.0.0.202111181127/tools/bin/../lib/gcc/arm-none-eabi/10.3.1/../../../../arm-none-eabi/lib/thumb/v7e-m+fp/hard\libm.a
END GROUP
START GROUP
LOAD e:/stm32cubeide1.9.0/stm32cubeide_1.9.0/stm32cubeide/plugins/com.st.stm32cube.ide.mcu.externaltools.gnu-tools-for-stm32.10.3-2021.10.win32_1.0.0.202111181127/tools/bin/../lib/gcc/arm-none-eabi/10.3.1/thumb/v7e-m+fp/hard\libgcc.a
LOAD e:/stm32cubeide1.9.0/stm32cubeide_1.9.0/stm32cubeide/plugins/com.st.stm32cube.ide.mcu.externaltools.gnu-tools-for-stm32.10.3-2021.10.win32_1.0.0.202111181127/tools/bin/../lib/gcc/arm-none-eabi/10.3.1/../../../../arm-none-eabi/lib/thumb/v7e-m+fp/hard\libc_nano.a
END GROUP
START GROUP
LOAD e:/stm32cubeide1.9.0/stm32cubeide_1.9.0/stm32cubeide/plugins/com.st.stm32cube.ide.mcu.externaltools.gnu-tools-for-stm32.10.3-2021.10.win32_1.0.0.202111181127/tools/bin/../lib/gcc/arm-none-eabi/10.3.1/thumb/v7e-m+fp/hard\libgcc.a
LOAD e:/stm32cubeide1.9.0/stm32cubeide_1.9.0/stm32cubeide/plugins/com.st.stm32cube.ide.mcu.externaltools.gnu-tools-for-stm32.10.3-2021.10.win32_1.0.0.202111181127/tools/bin/../lib/gcc/arm-none-eabi/10.3.1/../../../../arm-none-eabi/lib/thumb/v7e-m+fp/hard\libc_nano.a
LOAD e:/stm32cubeide1.9.0/stm32cubeide_1.9.0/stm32cubeide/plugins/com.st.stm32cube.ide.mcu.externaltools.gnu-tools-for-stm32.10.3-2021.10.win32_1.0.0.202111181127/tools/bin/../lib/gcc/arm-none-eabi/10.3.1/../../../../arm-none-eabi/lib/thumb/v7e-m+fp/hard\libnosys.a
END GROUP
START GROUP
LOAD e:/stm32cubeide1.9.0/stm32cubeide_1.9.0/stm32cubeide/plugins/com.st.stm32cube.ide.mcu.externaltools.gnu-tools-for-stm32.10.3-2021.10.win32_1.0.0.202111181127/tools/bin/../lib/gcc/arm-none-eabi/10.3.1/thumb/v7e-m+fp/hard\libgcc.a
LOAD e:/stm32cubeide1.9.0/stm32cubeide_1.9.0/stm32cubeide/plugins/com.st.stm32cube.ide.mcu.externaltools.gnu-tools-for-stm32.10.3-2021.10.win32_1.0.0.202111181127/tools/bin/../lib/gcc/arm-none-eabi/10.3.1/../../../../arm-none-eabi/lib/thumb/v7e-m+fp/hard\libc_nano.a
LOAD e:/stm32cubeide1.9.0/stm32cubeide_1.9.0/stm32cubeide/plugins/com.st.stm32cube.ide.mcu.externaltools.gnu-tools-for-stm32.10.3-2021.10.win32_1.0.0.202111181127/tools/bin/../lib/gcc/arm-none-eabi/10.3.1/../../../../arm-none-eabi/lib/thumb/v7e-m+fp/hard\libnosys.a
END GROUP
LOAD e:/stm32cubeide1.9.0/stm32cubeide_1.9.0/stm32cubeide/plugins/com.st.stm32cube.ide.mcu.externaltools.gnu-tools-for-stm32.10.3-2021.10.win32_1.0.0.202111181127/tools/bin/../lib/gcc/arm-none-eabi/10.3.1/thumb/v7e-m+fp/hard/crtend.o
LOAD e:/stm32cubeide1.9.0/stm32cubeide_1.9.0/stm32cubeide/plugins/com.st.stm32cube.ide.mcu.externaltools.gnu-tools-for-stm32.10.3-2021.10.win32_1.0.0.202111181127/tools/bin/../lib/gcc/arm-none-eabi/10.3.1/thumb/v7e-m+fp/hard/crtn.o
                0x0000000020008000                _estack = (ORIGIN (RAM) + LENGTH (RAM))
                0x0000000000000200                _Min_Heap_Size = 0x200
                0x0000000000000400                _Min_Stack_Size = 0x400

.isr_vector     0x0000000008000000      0x1d8
                0x0000000008000000                . = ALIGN (0x4)
 *(.isr_vector)
 .isr_vector    0x0000000008000000      0x1d8 ./Core/Startup/startup_stm32g431rbtx.o
                0x0000000008000000                g_pfnVectors
                0x00000000080001d8                . = ALIGN (0x4)

.text           0x00000000080001e0     0x5cb0
                0x00000000080001e0                . = ALIGN (0x4)
 *(.text)
 .text          0x00000000080001e0       0x40 e:/stm32cubeide1.9.0/stm32cubeide_1.9.0/stm32cubeide/plugins/com.st.stm32cube.ide.mcu.externaltools.gnu-tools-for-stm32.10.3-2021.10.win32_1.0.0.202111181127/tools/bin/../lib/gcc/arm-none-eabi/10.3.1/thumb/v7e-m+fp/hard/crtbegin.o
 .text          0x0000000008000220       0xa0 e:/stm32cubeide1.9.0/stm32cubeide_1.9.0/stm32cubeide/plugins/com.st.stm32cube.ide.mcu.externaltools.gnu-tools-for-stm32.10.3-2021.10.win32_1.0.0.202111181127/tools/bin/../lib/gcc/arm-none-eabi/10.3.1/../../../../arm-none-eabi/lib/thumb/v7e-m+fp/hard\libc_nano.a(lib_a-memchr.o)
                0x0000000008000220                memchr
 .text          0x00000000080002c0      0x378 e:/stm32cubeide1.9.0/stm32cubeide_1.9.0/stm32cubeide/plugins/com.st.stm32cube.ide.mcu.externaltools.gnu-tools-for-stm32.10.3-2021.10.win32_1.0.0.202111181127/tools/bin/../lib/gcc/arm-none-eabi/10.3.1/thumb/v7e-m+fp/hard\libgcc.a(_arm_addsubdf3.o)
                0x00000000080002c0                __aeabi_drsub
                0x00000000080002c8                __aeabi_dsub
                0x00000000080002c8                __subdf3
                0x00000000080002cc                __aeabi_dadd
                0x00000000080002cc                __adddf3
                0x0000000008000544                __floatunsidf
                0x0000000008000544                __aeabi_ui2d
                0x0000000008000564                __floatsidf
                0x0000000008000564                __aeabi_i2d
                0x0000000008000588                __aeabi_f2d
                0x0000000008000588                __extendsfdf2
                0x00000000080005cc                __floatundidf
                0x00000000080005cc                __aeabi_ul2d
                0x00000000080005dc                __floatdidf
                0x00000000080005dc                __aeabi_l2d
 *(.text*)
 .text.GenerateWaveform
                0x0000000008000638      0x160 ./Core/Src/main.o
                0x0000000008000638                GenerateWaveform
 .text.HAL_ADC_ConvCpltCallback
                0x0000000008000798       0x28 ./Core/Src/main.o
                0x0000000008000798                HAL_ADC_ConvCpltCallback
 .text.ProcessADCData
                0x00000000080007c0       0x9c ./Core/Src/main.o
                0x00000000080007c0                ProcessADCData
 .text.PerformFFT
                0x000000000800085c      0x168 ./Core/Src/main.o
                0x000000000800085c                PerformFFT
 .text.AnalyzeHarmonics
                0x00000000080009c4       0xb4 ./Core/Src/main.o
                0x00000000080009c4                AnalyzeHarmonics
 .text.FindFundamentalFrequency
                0x0000000008000a78       0xcc ./Core/Src/main.o
                0x0000000008000a78                FindFundamentalFrequency
 .text.SendAnalysisResults
                0x0000000008000b44       0xe8 ./Core/Src/main.o
                0x0000000008000b44                SendAnalysisResults
 .text.main     0x0000000008000c2c       0x70 ./Core/Src/main.o
                0x0000000008000c2c                main
 .text.SystemClock_Config
                0x0000000008000c9c       0x6c ./Core/Src/main.o
                0x0000000008000c9c                SystemClock_Config
 .text.MX_GPIO_Init
                0x0000000008000d08       0x50 ./Core/Src/main.o
 .text.MX_DAC1_Init
                0x0000000008000d58       0x50 ./Core/Src/main.o
 .text.MX_ADC1_Init
                0x0000000008000da8       0x9c ./Core/Src/main.o
 .text.MX_TIM6_Init
                0x0000000008000e44       0x58 ./Core/Src/main.o
 .text.Error_Handler
                0x0000000008000e9c        0xa ./Core/Src/main.o
                0x0000000008000e9c                Error_Handler
 *fill*         0x0000000008000ea6        0x2 
 .text.HAL_MspInit
                0x0000000008000ea8       0x48 ./Core/Src/stm32g4xx_hal_msp.o
                0x0000000008000ea8                HAL_MspInit
 .text.HAL_ADC_MspInit
                0x0000000008000ef0       0xa8 ./Core/Src/stm32g4xx_hal_msp.o
                0x0000000008000ef0                HAL_ADC_MspInit
 .text.HAL_DAC_MspInit
                0x0000000008000f98       0xdc ./Core/Src/stm32g4xx_hal_msp.o
                0x0000000008000f98                HAL_DAC_MspInit
 .text.HAL_TIM_Base_MspInit
                0x0000000008001074       0xc0 ./Core/Src/stm32g4xx_hal_msp.o
                0x0000000008001074                HAL_TIM_Base_MspInit
 .text.NMI_Handler
                0x0000000008001134        0x6 ./Core/Src/stm32g4xx_it.o
                0x0000000008001134                NMI_Handler
 .text.HardFault_Handler
                0x000000000800113a        0x6 ./Core/Src/stm32g4xx_it.o
                0x000000000800113a                HardFault_Handler
 .text.MemManage_Handler
                0x0000000008001140        0x6 ./Core/Src/stm32g4xx_it.o
                0x0000000008001140                MemManage_Handler
 .text.BusFault_Handler
                0x0000000008001146        0x6 ./Core/Src/stm32g4xx_it.o
                0x0000000008001146                BusFault_Handler
 .text.UsageFault_Handler
                0x000000000800114c        0x6 ./Core/Src/stm32g4xx_it.o
                0x000000000800114c                UsageFault_Handler
 .text.SVC_Handler
                0x0000000008001152        0xe ./Core/Src/stm32g4xx_it.o
                0x0000000008001152                SVC_Handler
 .text.DebugMon_Handler
                0x0000000008001160        0xe ./Core/Src/stm32g4xx_it.o
                0x0000000008001160                DebugMon_Handler
 .text.PendSV_Handler
                0x000000000800116e        0xe ./Core/Src/stm32g4xx_it.o
                0x000000000800116e                PendSV_Handler
 .text.SysTick_Handler
                0x000000000800117c        0xc ./Core/Src/stm32g4xx_it.o
                0x000000000800117c                SysTick_Handler
 .text.DMA1_Channel1_IRQHandler
                0x0000000008001188       0x14 ./Core/Src/stm32g4xx_it.o
                0x0000000008001188                DMA1_Channel1_IRQHandler
 .text.DMA1_Channel2_IRQHandler
                0x000000000800119c       0x14 ./Core/Src/stm32g4xx_it.o
                0x000000000800119c                DMA1_Channel2_IRQHandler
 .text._sbrk    0x00000000080011b0       0x6c ./Core/Src/sysmem.o
                0x00000000080011b0                _sbrk
 .text.SystemInit
                0x000000000800121c       0x24 ./Core/Src/system_stm32g4xx.o
                0x000000000800121c                SystemInit
 .text.Reset_Handler
                0x0000000008001240       0x50 ./Core/Startup/startup_stm32g431rbtx.o
                0x0000000008001240                Reset_Handler
 .text.Default_Handler
                0x0000000008001290        0x2 ./Core/Startup/startup_stm32g431rbtx.o
                0x0000000008001290                RTC_Alarm_IRQHandler
                0x0000000008001290                EXTI2_IRQHandler
                0x0000000008001290                TIM8_TRG_COM_IRQHandler
                0x0000000008001290                TIM8_CC_IRQHandler
                0x0000000008001290                TIM1_CC_IRQHandler
                0x0000000008001290                USB_HP_IRQHandler
                0x0000000008001290                CORDIC_IRQHandler
                0x0000000008001290                EXTI3_IRQHandler
                0x0000000008001290                I2C3_ER_IRQHandler
                0x0000000008001290                EXTI0_IRQHandler
                0x0000000008001290                I2C2_EV_IRQHandler
                0x0000000008001290                FPU_IRQHandler
                0x0000000008001290                FDCAN1_IT1_IRQHandler
                0x0000000008001290                TIM1_UP_TIM16_IRQHandler
                0x0000000008001290                ADC1_2_IRQHandler
                0x0000000008001290                SPI1_IRQHandler
                0x0000000008001290                TIM6_DAC_IRQHandler
                0x0000000008001290                TIM8_UP_IRQHandler
                0x0000000008001290                DMA2_Channel2_IRQHandler
                0x0000000008001290                DMA1_Channel4_IRQHandler
                0x0000000008001290                USART3_IRQHandler
                0x0000000008001290                TIM4_IRQHandler
                0x0000000008001290                DMA2_Channel1_IRQHandler
                0x0000000008001290                I2C1_EV_IRQHandler
                0x0000000008001290                DMA1_Channel6_IRQHandler
                0x0000000008001290                UART4_IRQHandler
                0x0000000008001290                DMA2_Channel4_IRQHandler
                0x0000000008001290                TIM3_IRQHandler
                0x0000000008001290                RCC_IRQHandler
                0x0000000008001290                Default_Handler
                0x0000000008001290                RTC_TAMP_LSECSS_IRQHandler
                0x0000000008001290                FMAC_IRQHandler
                0x0000000008001290                EXTI15_10_IRQHandler
                0x0000000008001290                TIM7_IRQHandler
                0x0000000008001290                UCPD1_IRQHandler
                0x0000000008001290                I2C3_EV_IRQHandler
                0x0000000008001290                EXTI9_5_IRQHandler
                0x0000000008001290                RTC_WKUP_IRQHandler
                0x0000000008001290                PVD_PVM_IRQHandler
                0x0000000008001290                SPI2_IRQHandler
                0x0000000008001290                DMA2_Channel5_IRQHandler
                0x0000000008001290                CRS_IRQHandler
                0x0000000008001290                DMA1_Channel5_IRQHandler
                0x0000000008001290                USB_LP_IRQHandler
                0x0000000008001290                EXTI4_IRQHandler
                0x0000000008001290                RNG_IRQHandler
                0x0000000008001290                TIM1_TRG_COM_TIM17_IRQHandler
                0x0000000008001290                DMA1_Channel3_IRQHandler
                0x0000000008001290                WWDG_IRQHandler
                0x0000000008001290                LPUART1_IRQHandler
                0x0000000008001290                DMA2_Channel6_IRQHandler
                0x0000000008001290                FDCAN1_IT0_IRQHandler
                0x0000000008001290                TIM2_IRQHandler
                0x0000000008001290                COMP1_2_3_IRQHandler
                0x0000000008001290                EXTI1_IRQHandler
                0x0000000008001290                USART2_IRQHandler
                0x0000000008001290                I2C2_ER_IRQHandler
                0x0000000008001290                TIM8_BRK_IRQHandler
                0x0000000008001290                FLASH_IRQHandler
                0x0000000008001290                USART1_IRQHandler
                0x0000000008001290                SPI3_IRQHandler
                0x0000000008001290                I2C1_ER_IRQHandler
                0x0000000008001290                LPTIM1_IRQHandler
                0x0000000008001290                DMAMUX_OVR_IRQHandler
                0x0000000008001290                USBWakeUp_IRQHandler
                0x0000000008001290                SAI1_IRQHandler
                0x0000000008001290                DMA2_Channel3_IRQHandler
                0x0000000008001290                COMP4_IRQHandler
                0x0000000008001290                TIM1_BRK_TIM15_IRQHandler
 .text.HAL_Init
                0x0000000008001292       0x30 ./Drivers/STM32G4xx_HAL_Driver/Src/stm32g4xx_hal.o
                0x0000000008001292                HAL_Init
 *fill*         0x00000000080012c2        0x2 
 .text.HAL_InitTick
                0x00000000080012c4       0x74 ./Drivers/STM32G4xx_HAL_Driver/Src/stm32g4xx_hal.o
                0x00000000080012c4                HAL_InitTick
 .text.HAL_IncTick
                0x0000000008001338       0x24 ./Drivers/STM32G4xx_HAL_Driver/Src/stm32g4xx_hal.o
                0x0000000008001338                HAL_IncTick
 .text.HAL_GetTick
                0x000000000800135c       0x18 ./Drivers/STM32G4xx_HAL_Driver/Src/stm32g4xx_hal.o
                0x000000000800135c                HAL_GetTick
 .text.LL_ADC_SetCommonClock
                0x0000000008001374       0x26 ./Drivers/STM32G4xx_HAL_Driver/Src/stm32g4xx_hal_adc.o
 .text.LL_ADC_SetCommonPathInternalCh
                0x000000000800139a       0x26 ./Drivers/STM32G4xx_HAL_Driver/Src/stm32g4xx_hal_adc.o
 .text.LL_ADC_GetCommonPathInternalCh
                0x00000000080013c0       0x1c ./Drivers/STM32G4xx_HAL_Driver/Src/stm32g4xx_hal_adc.o
 .text.LL_ADC_SetOffset
                0x00000000080013dc       0x48 ./Drivers/STM32G4xx_HAL_Driver/Src/stm32g4xx_hal_adc.o
 .text.LL_ADC_GetOffsetChannel
                0x0000000008001424       0x2c ./Drivers/STM32G4xx_HAL_Driver/Src/stm32g4xx_hal_adc.o
 .text.LL_ADC_SetOffsetState
                0x0000000008001450       0x36 ./Drivers/STM32G4xx_HAL_Driver/Src/stm32g4xx_hal_adc.o
 .text.LL_ADC_SetOffsetSign
                0x0000000008001486       0x36 ./Drivers/STM32G4xx_HAL_Driver/Src/stm32g4xx_hal_adc.o
 .text.LL_ADC_SetOffsetSaturation
                0x00000000080014bc       0x36 ./Drivers/STM32G4xx_HAL_Driver/Src/stm32g4xx_hal_adc.o
 .text.LL_ADC_SetSamplingTimeCommonConfig
                0x00000000080014f2       0x26 ./Drivers/STM32G4xx_HAL_Driver/Src/stm32g4xx_hal_adc.o
 .text.LL_ADC_REG_IsTriggerSourceSWStart
                0x0000000008001518       0x26 ./Drivers/STM32G4xx_HAL_Driver/Src/stm32g4xx_hal_adc.o
 .text.LL_ADC_REG_SetSequencerRanks
                0x000000000800153e       0x58 ./Drivers/STM32G4xx_HAL_Driver/Src/stm32g4xx_hal_adc.o
 .text.LL_ADC_SetChannelSamplingTime
                0x0000000008001596       0x56 ./Drivers/STM32G4xx_HAL_Driver/Src/stm32g4xx_hal_adc.o
 .text.LL_ADC_SetChannelSingleDiff
                0x00000000080015ec       0x48 ./Drivers/STM32G4xx_HAL_Driver/Src/stm32g4xx_hal_adc.o
 .text.LL_ADC_GetMultimode
                0x0000000008001634       0x1c ./Drivers/STM32G4xx_HAL_Driver/Src/stm32g4xx_hal_adc.o
 .text.LL_ADC_DisableDeepPowerDown
                0x0000000008001650       0x24 ./Drivers/STM32G4xx_HAL_Driver/Src/stm32g4xx_hal_adc.o
 .text.LL_ADC_IsDeepPowerDownEnabled
                0x0000000008001674       0x28 ./Drivers/STM32G4xx_HAL_Driver/Src/stm32g4xx_hal_adc.o
 .text.LL_ADC_EnableInternalRegulator
                0x000000000800169c       0x28 ./Drivers/STM32G4xx_HAL_Driver/Src/stm32g4xx_hal_adc.o
 .text.LL_ADC_IsInternalRegulatorEnabled
                0x00000000080016c4       0x28 ./Drivers/STM32G4xx_HAL_Driver/Src/stm32g4xx_hal_adc.o
 .text.LL_ADC_Enable
                0x00000000080016ec       0x28 ./Drivers/STM32G4xx_HAL_Driver/Src/stm32g4xx_hal_adc.o
 .text.LL_ADC_IsEnabled
                0x0000000008001714       0x26 ./Drivers/STM32G4xx_HAL_Driver/Src/stm32g4xx_hal_adc.o
 .text.LL_ADC_REG_StartConversion
                0x000000000800173a       0x28 ./Drivers/STM32G4xx_HAL_Driver/Src/stm32g4xx_hal_adc.o
 .text.LL_ADC_REG_IsConversionOngoing
                0x0000000008001762       0x26 ./Drivers/STM32G4xx_HAL_Driver/Src/stm32g4xx_hal_adc.o
 .text.LL_ADC_INJ_IsConversionOngoing
                0x0000000008001788       0x26 ./Drivers/STM32G4xx_HAL_Driver/Src/stm32g4xx_hal_adc.o
 *fill*         0x00000000080017ae        0x2 
 .text.HAL_ADC_Init
                0x00000000080017b0      0x308 ./Drivers/STM32G4xx_HAL_Driver/Src/stm32g4xx_hal_adc.o
                0x00000000080017b0                HAL_ADC_Init
 .text.HAL_ADC_Start_DMA
                0x0000000008001ab8      0x168 ./Drivers/STM32G4xx_HAL_Driver/Src/stm32g4xx_hal_adc.o
                0x0000000008001ab8                HAL_ADC_Start_DMA
 .text.HAL_ADC_ConvHalfCpltCallback
                0x0000000008001c20       0x14 ./Drivers/STM32G4xx_HAL_Driver/Src/stm32g4xx_hal_adc.o
                0x0000000008001c20                HAL_ADC_ConvHalfCpltCallback
 .text.HAL_ADC_ErrorCallback
                0x0000000008001c34       0x14 ./Drivers/STM32G4xx_HAL_Driver/Src/stm32g4xx_hal_adc.o
                0x0000000008001c34                HAL_ADC_ErrorCallback
 .text.HAL_ADC_ConfigChannel
                0x0000000008001c48      0x7e0 ./Drivers/STM32G4xx_HAL_Driver/Src/stm32g4xx_hal_adc.o
                0x0000000008001c48                HAL_ADC_ConfigChannel
 .text.ADC_Enable
                0x0000000008002428      0x10c ./Drivers/STM32G4xx_HAL_Driver/Src/stm32g4xx_hal_adc.o
                0x0000000008002428                ADC_Enable
 .text.ADC_DMAConvCplt
                0x0000000008002534       0xd8 ./Drivers/STM32G4xx_HAL_Driver/Src/stm32g4xx_hal_adc.o
                0x0000000008002534                ADC_DMAConvCplt
 .text.ADC_DMAHalfConvCplt
                0x000000000800260c       0x1c ./Drivers/STM32G4xx_HAL_Driver/Src/stm32g4xx_hal_adc.o
                0x000000000800260c                ADC_DMAHalfConvCplt
 .text.ADC_DMAError
                0x0000000008002628       0x34 ./Drivers/STM32G4xx_HAL_Driver/Src/stm32g4xx_hal_adc.o
                0x0000000008002628                ADC_DMAError
 .text.__NVIC_SetPriorityGrouping
                0x000000000800265c       0x48 ./Drivers/STM32G4xx_HAL_Driver/Src/stm32g4xx_hal_cortex.o
 .text.__NVIC_GetPriorityGrouping
                0x00000000080026a4       0x1c ./Drivers/STM32G4xx_HAL_Driver/Src/stm32g4xx_hal_cortex.o
 .text.__NVIC_SetPriority
                0x00000000080026c0       0x54 ./Drivers/STM32G4xx_HAL_Driver/Src/stm32g4xx_hal_cortex.o
 .text.NVIC_EncodePriority
                0x0000000008002714       0x66 ./Drivers/STM32G4xx_HAL_Driver/Src/stm32g4xx_hal_cortex.o
 *fill*         0x000000000800277a        0x2 
 .text.SysTick_Config
                0x000000000800277c       0x44 ./Drivers/STM32G4xx_HAL_Driver/Src/stm32g4xx_hal_cortex.o
 .text.HAL_NVIC_SetPriorityGrouping
                0x00000000080027c0       0x16 ./Drivers/STM32G4xx_HAL_Driver/Src/stm32g4xx_hal_cortex.o
                0x00000000080027c0                HAL_NVIC_SetPriorityGrouping
 .text.HAL_NVIC_SetPriority
                0x00000000080027d6       0x34 ./Drivers/STM32G4xx_HAL_Driver/Src/stm32g4xx_hal_cortex.o
                0x00000000080027d6                HAL_NVIC_SetPriority
 .text.HAL_SYSTICK_Config
                0x000000000800280a       0x18 ./Drivers/STM32G4xx_HAL_Driver/Src/stm32g4xx_hal_cortex.o
                0x000000000800280a                HAL_SYSTICK_Config
 .text.HAL_DAC_Init
                0x0000000008002822       0x44 ./Drivers/STM32G4xx_HAL_Driver/Src/stm32g4xx_hal_dac.o
                0x0000000008002822                HAL_DAC_Init
 *fill*         0x0000000008002866        0x2 
 .text.HAL_DAC_Start_DMA
                0x0000000008002868      0x1a8 ./Drivers/STM32G4xx_HAL_Driver/Src/stm32g4xx_hal_dac.o
                0x0000000008002868                HAL_DAC_Start_DMA
 .text.HAL_DAC_ConvCpltCallbackCh1
                0x0000000008002a10       0x14 ./Drivers/STM32G4xx_HAL_Driver/Src/stm32g4xx_hal_dac.o
                0x0000000008002a10                HAL_DAC_ConvCpltCallbackCh1
 .text.HAL_DAC_ConvHalfCpltCallbackCh1
                0x0000000008002a24       0x14 ./Drivers/STM32G4xx_HAL_Driver/Src/stm32g4xx_hal_dac.o
                0x0000000008002a24                HAL_DAC_ConvHalfCpltCallbackCh1
 .text.HAL_DAC_ErrorCallbackCh1
                0x0000000008002a38       0x14 ./Drivers/STM32G4xx_HAL_Driver/Src/stm32g4xx_hal_dac.o
                0x0000000008002a38                HAL_DAC_ErrorCallbackCh1
 .text.HAL_DAC_ConfigChannel
                0x0000000008002a4c      0x370 ./Drivers/STM32G4xx_HAL_Driver/Src/stm32g4xx_hal_dac.o
                0x0000000008002a4c                HAL_DAC_ConfigChannel
 .text.DAC_DMAConvCpltCh1
                0x0000000008002dbc       0x22 ./Drivers/STM32G4xx_HAL_Driver/Src/stm32g4xx_hal_dac.o
                0x0000000008002dbc                DAC_DMAConvCpltCh1
 .text.DAC_DMAHalfConvCpltCh1
                0x0000000008002dde       0x1c ./Drivers/STM32G4xx_HAL_Driver/Src/stm32g4xx_hal_dac.o
                0x0000000008002dde                DAC_DMAHalfConvCpltCh1
 .text.DAC_DMAErrorCh1
                0x0000000008002dfa       0x2e ./Drivers/STM32G4xx_HAL_Driver/Src/stm32g4xx_hal_dac.o
                0x0000000008002dfa                DAC_DMAErrorCh1
 .text.HAL_DACEx_ConvCpltCallbackCh2
                0x0000000008002e28       0x14 ./Drivers/STM32G4xx_HAL_Driver/Src/stm32g4xx_hal_dac_ex.o
                0x0000000008002e28                HAL_DACEx_ConvCpltCallbackCh2
 .text.HAL_DACEx_ConvHalfCpltCallbackCh2
                0x0000000008002e3c       0x14 ./Drivers/STM32G4xx_HAL_Driver/Src/stm32g4xx_hal_dac_ex.o
                0x0000000008002e3c                HAL_DACEx_ConvHalfCpltCallbackCh2
 .text.HAL_DACEx_ErrorCallbackCh2
                0x0000000008002e50       0x14 ./Drivers/STM32G4xx_HAL_Driver/Src/stm32g4xx_hal_dac_ex.o
                0x0000000008002e50                HAL_DACEx_ErrorCallbackCh2
 .text.DAC_DMAConvCpltCh2
                0x0000000008002e64       0x22 ./Drivers/STM32G4xx_HAL_Driver/Src/stm32g4xx_hal_dac_ex.o
                0x0000000008002e64                DAC_DMAConvCpltCh2
 .text.DAC_DMAHalfConvCpltCh2
                0x0000000008002e86       0x1c ./Drivers/STM32G4xx_HAL_Driver/Src/stm32g4xx_hal_dac_ex.o
                0x0000000008002e86                DAC_DMAHalfConvCpltCh2
 .text.DAC_DMAErrorCh2
                0x0000000008002ea2       0x2e ./Drivers/STM32G4xx_HAL_Driver/Src/stm32g4xx_hal_dac_ex.o
                0x0000000008002ea2                DAC_DMAErrorCh2
 .text.HAL_DMA_Init
                0x0000000008002ed0      0x150 ./Drivers/STM32G4xx_HAL_Driver/Src/stm32g4xx_hal_dma.o
                0x0000000008002ed0                HAL_DMA_Init
 .text.HAL_DMA_Start_IT
                0x0000000008003020       0xf6 ./Drivers/STM32G4xx_HAL_Driver/Src/stm32g4xx_hal_dma.o
                0x0000000008003020                HAL_DMA_Start_IT
 .text.HAL_DMA_IRQHandler
                0x0000000008003116      0x15e ./Drivers/STM32G4xx_HAL_Driver/Src/stm32g4xx_hal_dma.o
                0x0000000008003116                HAL_DMA_IRQHandler
 .text.DMA_SetConfig
                0x0000000008003274       0x7c ./Drivers/STM32G4xx_HAL_Driver/Src/stm32g4xx_hal_dma.o
 .text.DMA_CalcDMAMUXChannelBaseAndMask
                0x00000000080032f0       0x7c ./Drivers/STM32G4xx_HAL_Driver/Src/stm32g4xx_hal_dma.o
 .text.DMA_CalcDMAMUXRequestGenBaseAndMask
                0x000000000800336c       0x48 ./Drivers/STM32G4xx_HAL_Driver/Src/stm32g4xx_hal_dma.o
 .text.HAL_GPIO_Init
                0x00000000080033b4      0x304 ./Drivers/STM32G4xx_HAL_Driver/Src/stm32g4xx_hal_gpio.o
                0x00000000080033b4                HAL_GPIO_Init
 .text.HAL_PWREx_ControlVoltageScaling
                0x00000000080036b8      0x148 ./Drivers/STM32G4xx_HAL_Driver/Src/stm32g4xx_hal_pwr_ex.o
                0x00000000080036b8                HAL_PWREx_ControlVoltageScaling
 .text.HAL_PWREx_DisableUCPDDeadBattery
                0x0000000008003800       0x20 ./Drivers/STM32G4xx_HAL_Driver/Src/stm32g4xx_hal_pwr_ex.o
                0x0000000008003800                HAL_PWREx_DisableUCPDDeadBattery
 .text.HAL_RCC_OscConfig
                0x0000000008003820      0x624 ./Drivers/STM32G4xx_HAL_Driver/Src/stm32g4xx_hal_rcc.o
                0x0000000008003820                HAL_RCC_OscConfig
 .text.HAL_RCC_ClockConfig
                0x0000000008003e44      0x278 ./Drivers/STM32G4xx_HAL_Driver/Src/stm32g4xx_hal_rcc.o
                0x0000000008003e44                HAL_RCC_ClockConfig
 .text.HAL_RCC_GetSysClockFreq
                0x00000000080040bc       0xc4 ./Drivers/STM32G4xx_HAL_Driver/Src/stm32g4xx_hal_rcc.o
                0x00000000080040bc                HAL_RCC_GetSysClockFreq
 .text.HAL_RCC_GetHCLKFreq
                0x0000000008004180       0x18 ./Drivers/STM32G4xx_HAL_Driver/Src/stm32g4xx_hal_rcc.o
                0x0000000008004180                HAL_RCC_GetHCLKFreq
 .text.RCC_GetSysClockFreqFromPLLSource
                0x0000000008004198       0x8c ./Drivers/STM32G4xx_HAL_Driver/Src/stm32g4xx_hal_rcc.o
 .text.HAL_RCCEx_PeriphCLKConfig
                0x0000000008004224      0x3e0 ./Drivers/STM32G4xx_HAL_Driver/Src/stm32g4xx_hal_rcc_ex.o
                0x0000000008004224                HAL_RCCEx_PeriphCLKConfig
 .text.HAL_TIM_Base_Init
                0x0000000008004604       0xae ./Drivers/STM32G4xx_HAL_Driver/Src/stm32g4xx_hal_tim.o
                0x0000000008004604                HAL_TIM_Base_Init
 *fill*         0x00000000080046b2        0x2 
 .text.HAL_TIM_Base_Start
                0x00000000080046b4       0xc4 ./Drivers/STM32G4xx_HAL_Driver/Src/stm32g4xx_hal_tim.o
                0x00000000080046b4                HAL_TIM_Base_Start
 .text.TIM_Base_SetConfig
                0x0000000008004778      0x138 ./Drivers/STM32G4xx_HAL_Driver/Src/stm32g4xx_hal_tim.o
                0x0000000008004778                TIM_Base_SetConfig
 .text.HAL_TIMEx_MasterConfigSynchronization
                0x00000000080048b0      0x104 ./Drivers/STM32G4xx_HAL_Driver/Src/stm32g4xx_hal_tim_ex.o
                0x00000000080048b0                HAL_TIMEx_MasterConfigSynchronization
 .text.__errno  0x00000000080049b4        0xc e:/stm32cubeide1.9.0/stm32cubeide_1.9.0/stm32cubeide/plugins/com.st.stm32cube.ide.mcu.externaltools.gnu-tools-for-stm32.10.3-2021.10.win32_1.0.0.202111181127/tools/bin/../lib/gcc/arm-none-eabi/10.3.1/../../../../arm-none-eabi/lib/thumb/v7e-m+fp/hard\libc_nano.a(lib_a-errno.o)
                0x00000000080049b4                __errno
 .text.__libc_init_array
                0x00000000080049c0       0x48 e:/stm32cubeide1.9.0/stm32cubeide_1.9.0/stm32cubeide/plugins/com.st.stm32cube.ide.mcu.externaltools.gnu-tools-for-stm32.10.3-2021.10.win32_1.0.0.202111181127/tools/bin/../lib/gcc/arm-none-eabi/10.3.1/../../../../arm-none-eabi/lib/thumb/v7e-m+fp/hard\libc_nano.a(lib_a-init.o)
                0x00000000080049c0                __libc_init_array
 .text.memset   0x0000000008004a08       0x10 e:/stm32cubeide1.9.0/stm32cubeide_1.9.0/stm32cubeide/plugins/com.st.stm32cube.ide.mcu.externaltools.gnu-tools-for-stm32.10.3-2021.10.win32_1.0.0.202111181127/tools/bin/../lib/gcc/arm-none-eabi/10.3.1/../../../../arm-none-eabi/lib/thumb/v7e-m+fp/hard\libc_nano.a(lib_a-memset.o)
                0x0000000008004a08                memset
 .text.sprintf  0x0000000008004a18       0x40 e:/stm32cubeide1.9.0/stm32cubeide_1.9.0/stm32cubeide/plugins/com.st.stm32cube.ide.mcu.externaltools.gnu-tools-for-stm32.10.3-2021.10.win32_1.0.0.202111181127/tools/bin/../lib/gcc/arm-none-eabi/10.3.1/../../../../arm-none-eabi/lib/thumb/v7e-m+fp/hard\libc_nano.a(lib_a-sprintf.o)
                0x0000000008004a18                siprintf
                0x0000000008004a18                sprintf
 .text.__ssputs_r
                0x0000000008004a58       0xb6 e:/stm32cubeide1.9.0/stm32cubeide_1.9.0/stm32cubeide/plugins/com.st.stm32cube.ide.mcu.externaltools.gnu-tools-for-stm32.10.3-2021.10.win32_1.0.0.202111181127/tools/bin/../lib/gcc/arm-none-eabi/10.3.1/../../../../arm-none-eabi/lib/thumb/v7e-m+fp/hard\libc_nano.a(lib_a-nano-svfprintf.o)
                0x0000000008004a58                __ssputs_r
 *fill*         0x0000000008004b0e        0x2 
 .text._svfprintf_r
                0x0000000008004b10      0x200 e:/stm32cubeide1.9.0/stm32cubeide_1.9.0/stm32cubeide/plugins/com.st.stm32cube.ide.mcu.externaltools.gnu-tools-for-stm32.10.3-2021.10.win32_1.0.0.202111181127/tools/bin/../lib/gcc/arm-none-eabi/10.3.1/../../../../arm-none-eabi/lib/thumb/v7e-m+fp/hard\libc_nano.a(lib_a-nano-svfprintf.o)
                0x0000000008004b10                _svfiprintf_r
                0x0000000008004b10                _svfprintf_r
 .text._printf_common
                0x0000000008004d10       0xda e:/stm32cubeide1.9.0/stm32cubeide_1.9.0/stm32cubeide/plugins/com.st.stm32cube.ide.mcu.externaltools.gnu-tools-for-stm32.10.3-2021.10.win32_1.0.0.202111181127/tools/bin/../lib/gcc/arm-none-eabi/10.3.1/../../../../arm-none-eabi/lib/thumb/v7e-m+fp/hard\libc_nano.a(lib_a-nano-vfprintf_i.o)
                0x0000000008004d10                _printf_common
 *fill*         0x0000000008004dea        0x2 
 .text._printf_i
                0x0000000008004dec      0x24c e:/stm32cubeide1.9.0/stm32cubeide_1.9.0/stm32cubeide/plugins/com.st.stm32cube.ide.mcu.externaltools.gnu-tools-for-stm32.10.3-2021.10.win32_1.0.0.202111181127/tools/bin/../lib/gcc/arm-none-eabi/10.3.1/../../../../arm-none-eabi/lib/thumb/v7e-m+fp/hard\libc_nano.a(lib_a-nano-vfprintf_i.o)
                0x0000000008004dec                _printf_i
 .text.memcpy   0x0000000008005038       0x1c e:/stm32cubeide1.9.0/stm32cubeide_1.9.0/stm32cubeide/plugins/com.st.stm32cube.ide.mcu.externaltools.gnu-tools-for-stm32.10.3-2021.10.win32_1.0.0.202111181127/tools/bin/../lib/gcc/arm-none-eabi/10.3.1/../../../../arm-none-eabi/lib/thumb/v7e-m+fp/hard\libc_nano.a(lib_a-memcpy-stub.o)
                0x0000000008005038                memcpy
 .text.memmove  0x0000000008005054       0x34 e:/stm32cubeide1.9.0/stm32cubeide_1.9.0/stm32cubeide/plugins/com.st.stm32cube.ide.mcu.externaltools.gnu-tools-for-stm32.10.3-2021.10.win32_1.0.0.202111181127/tools/bin/../lib/gcc/arm-none-eabi/10.3.1/../../../../arm-none-eabi/lib/thumb/v7e-m+fp/hard\libc_nano.a(lib_a-memmove.o)
                0x0000000008005054                memmove
 .text._free_r  0x0000000008005088       0x98 e:/stm32cubeide1.9.0/stm32cubeide_1.9.0/stm32cubeide/plugins/com.st.stm32cube.ide.mcu.externaltools.gnu-tools-for-stm32.10.3-2021.10.win32_1.0.0.202111181127/tools/bin/../lib/gcc/arm-none-eabi/10.3.1/../../../../arm-none-eabi/lib/thumb/v7e-m+fp/hard\libc_nano.a(lib_a-nano-freer.o)
                0x0000000008005088                _free_r
 .text.sbrk_aligned
                0x0000000008005120       0x40 e:/stm32cubeide1.9.0/stm32cubeide_1.9.0/stm32cubeide/plugins/com.st.stm32cube.ide.mcu.externaltools.gnu-tools-for-stm32.10.3-2021.10.win32_1.0.0.202111181127/tools/bin/../lib/gcc/arm-none-eabi/10.3.1/../../../../arm-none-eabi/lib/thumb/v7e-m+fp/hard\libc_nano.a(lib_a-nano-mallocr.o)
 .text._malloc_r
                0x0000000008005160       0xe8 e:/stm32cubeide1.9.0/stm32cubeide_1.9.0/stm32cubeide/plugins/com.st.stm32cube.ide.mcu.externaltools.gnu-tools-for-stm32.10.3-2021.10.win32_1.0.0.202111181127/tools/bin/../lib/gcc/arm-none-eabi/10.3.1/../../../../arm-none-eabi/lib/thumb/v7e-m+fp/hard\libc_nano.a(lib_a-nano-mallocr.o)
                0x0000000008005160                _malloc_r
 .text._realloc_r
                0x0000000008005248       0x5e e:/stm32cubeide1.9.0/stm32cubeide_1.9.0/stm32cubeide/plugins/com.st.stm32cube.ide.mcu.externaltools.gnu-tools-for-stm32.10.3-2021.10.win32_1.0.0.202111181127/tools/bin/../lib/gcc/arm-none-eabi/10.3.1/../../../../arm-none-eabi/lib/thumb/v7e-m+fp/hard\libc_nano.a(lib_a-nano-reallocr.o)
                0x0000000008005248                _realloc_r
 *fill*         0x00000000080052a6        0x2 
 .text._sbrk_r  0x00000000080052a8       0x20 e:/stm32cubeide1.9.0/stm32cubeide_1.9.0/stm32cubeide/plugins/com.st.stm32cube.ide.mcu.externaltools.gnu-tools-for-stm32.10.3-2021.10.win32_1.0.0.202111181127/tools/bin/../lib/gcc/arm-none-eabi/10.3.1/../../../../arm-none-eabi/lib/thumb/v7e-m+fp/hard\libc_nano.a(lib_a-sbrkr.o)
                0x00000000080052a8                _sbrk_r
 .text.__malloc_lock
                0x00000000080052c8        0xc e:/stm32cubeide1.9.0/stm32cubeide_1.9.0/stm32cubeide/plugins/com.st.stm32cube.ide.mcu.externaltools.gnu-tools-for-stm32.10.3-2021.10.win32_1.0.0.202111181127/tools/bin/../lib/gcc/arm-none-eabi/10.3.1/../../../../arm-none-eabi/lib/thumb/v7e-m+fp/hard\libc_nano.a(lib_a-mlock.o)
                0x00000000080052c8                __malloc_lock
 .text.__malloc_unlock
                0x00000000080052d4        0xc e:/stm32cubeide1.9.0/stm32cubeide_1.9.0/stm32cubeide/plugins/com.st.stm32cube.ide.mcu.externaltools.gnu-tools-for-stm32.10.3-2021.10.win32_1.0.0.202111181127/tools/bin/../lib/gcc/arm-none-eabi/10.3.1/../../../../arm-none-eabi/lib/thumb/v7e-m+fp/hard\libc_nano.a(lib_a-mlock.o)
                0x00000000080052d4                __malloc_unlock
 .text._malloc_usable_size_r
                0x00000000080052e0       0x10 e:/stm32cubeide1.9.0/stm32cubeide_1.9.0/stm32cubeide/plugins/com.st.stm32cube.ide.mcu.externaltools.gnu-tools-for-stm32.10.3-2021.10.win32_1.0.0.202111181127/tools/bin/../lib/gcc/arm-none-eabi/10.3.1/../../../../arm-none-eabi/lib/thumb/v7e-m+fp/hard\libc_nano.a(lib_a-nano-msizer.o)
                0x00000000080052e0                _malloc_usable_size_r
 .text.__retarget_lock_acquire_recursive
                0x00000000080052f0        0x2 e:/stm32cubeide1.9.0/stm32cubeide_1.9.0/stm32cubeide/plugins/com.st.stm32cube.ide.mcu.externaltools.gnu-tools-for-stm32.10.3-2021.10.win32_1.0.0.202111181127/tools/bin/../lib/gcc/arm-none-eabi/10.3.1/../../../../arm-none-eabi/lib/thumb/v7e-m+fp/hard\libc_nano.a(lib_a-lock.o)
                0x00000000080052f0                __retarget_lock_acquire_recursive
 .text.__retarget_lock_release_recursive
                0x00000000080052f2        0x2 e:/stm32cubeide1.9.0/stm32cubeide_1.9.0/stm32cubeide/plugins/com.st.stm32cube.ide.mcu.externaltools.gnu-tools-for-stm32.10.3-2021.10.win32_1.0.0.202111181127/tools/bin/../lib/gcc/arm-none-eabi/10.3.1/../../../../arm-none-eabi/lib/thumb/v7e-m+fp/hard\libc_nano.a(lib_a-lock.o)
                0x00000000080052f2                __retarget_lock_release_recursive
 .text.cosf     0x00000000080052f4       0x88 e:/stm32cubeide1.9.0/stm32cubeide_1.9.0/stm32cubeide/plugins/com.st.stm32cube.ide.mcu.externaltools.gnu-tools-for-stm32.10.3-2021.10.win32_1.0.0.202111181127/tools/bin/../lib/gcc/arm-none-eabi/10.3.1/../../../../arm-none-eabi/lib/thumb/v7e-m+fp/hard\libm.a(lib_a-sf_cos.o)
                0x00000000080052f4                cosf
 .text.sinf     0x000000000800537c       0x8c e:/stm32cubeide1.9.0/stm32cubeide_1.9.0/stm32cubeide/plugins/com.st.stm32cube.ide.mcu.externaltools.gnu-tools-for-stm32.10.3-2021.10.win32_1.0.0.202111181127/tools/bin/../lib/gcc/arm-none-eabi/10.3.1/../../../../arm-none-eabi/lib/thumb/v7e-m+fp/hard\libm.a(lib_a-sf_sin.o)
                0x000000000800537c                sinf
 .text.sqrtf    0x0000000008005408       0x3c e:/stm32cubeide1.9.0/stm32cubeide_1.9.0/stm32cubeide/plugins/com.st.stm32cube.ide.mcu.externaltools.gnu-tools-for-stm32.10.3-2021.10.win32_1.0.0.202111181127/tools/bin/../lib/gcc/arm-none-eabi/10.3.1/../../../../arm-none-eabi/lib/thumb/v7e-m+fp/hard\libm.a(lib_a-wf_sqrt.o)
                0x0000000008005408                sqrtf
 .text.__ieee754_rem_pio2f
                0x0000000008005444      0x278 e:/stm32cubeide1.9.0/stm32cubeide_1.9.0/stm32cubeide/plugins/com.st.stm32cube.ide.mcu.externaltools.gnu-tools-for-stm32.10.3-2021.10.win32_1.0.0.202111181127/tools/bin/../lib/gcc/arm-none-eabi/10.3.1/../../../../arm-none-eabi/lib/thumb/v7e-m+fp/hard\libm.a(lib_a-ef_rem_pio2.o)
                0x0000000008005444                __ieee754_rem_pio2f
 .text.__ieee754_sqrtf
                0x00000000080056bc        0x6 e:/stm32cubeide1.9.0/stm32cubeide_1.9.0/stm32cubeide/plugins/com.st.stm32cube.ide.mcu.externaltools.gnu-tools-for-stm32.10.3-2021.10.win32_1.0.0.202111181127/tools/bin/../lib/gcc/arm-none-eabi/10.3.1/../../../../arm-none-eabi/lib/thumb/v7e-m+fp/hard\libm.a(lib_a-ef_sqrt.o)
                0x00000000080056bc                __ieee754_sqrtf
 *fill*         0x00000000080056c2        0x2 
 .text.__kernel_cosf
                0x00000000080056c4       0xc0 e:/stm32cubeide1.9.0/stm32cubeide_1.9.0/stm32cubeide/plugins/com.st.stm32cube.ide.mcu.externaltools.gnu-tools-for-stm32.10.3-2021.10.win32_1.0.0.202111181127/tools/bin/../lib/gcc/arm-none-eabi/10.3.1/../../../../arm-none-eabi/lib/thumb/v7e-m+fp/hard\libm.a(lib_a-kf_cos.o)
                0x00000000080056c4                __kernel_cosf
 .text.__kernel_rem_pio2f
                0x0000000008005784      0x4ec e:/stm32cubeide1.9.0/stm32cubeide_1.9.0/stm32cubeide/plugins/com.st.stm32cube.ide.mcu.externaltools.gnu-tools-for-stm32.10.3-2021.10.win32_1.0.0.202111181127/tools/bin/../lib/gcc/arm-none-eabi/10.3.1/../../../../arm-none-eabi/lib/thumb/v7e-m+fp/hard\libm.a(lib_a-kf_rem_pio2.o)
                0x0000000008005784                __kernel_rem_pio2f
 .text.__kernel_sinf
                0x0000000008005c70       0x90 e:/stm32cubeide1.9.0/stm32cubeide_1.9.0/stm32cubeide/plugins/com.st.stm32cube.ide.mcu.externaltools.gnu-tools-for-stm32.10.3-2021.10.win32_1.0.0.202111181127/tools/bin/../lib/gcc/arm-none-eabi/10.3.1/../../../../arm-none-eabi/lib/thumb/v7e-m+fp/hard\libm.a(lib_a-kf_sin.o)
                0x0000000008005c70                __kernel_sinf
 .text.fabsf    0x0000000008005d00        0xe e:/stm32cubeide1.9.0/stm32cubeide_1.9.0/stm32cubeide/plugins/com.st.stm32cube.ide.mcu.externaltools.gnu-tools-for-stm32.10.3-2021.10.win32_1.0.0.202111181127/tools/bin/../lib/gcc/arm-none-eabi/10.3.1/../../../../arm-none-eabi/lib/thumb/v7e-m+fp/hard\libm.a(lib_a-sf_fabs.o)
                0x0000000008005d00                fabsf
 *fill*         0x0000000008005d0e        0x2 
 .text.floorf   0x0000000008005d10       0x84 e:/stm32cubeide1.9.0/stm32cubeide_1.9.0/stm32cubeide/plugins/com.st.stm32cube.ide.mcu.externaltools.gnu-tools-for-stm32.10.3-2021.10.win32_1.0.0.202111181127/tools/bin/../lib/gcc/arm-none-eabi/10.3.1/../../../../arm-none-eabi/lib/thumb/v7e-m+fp/hard\libm.a(lib_a-sf_floor.o)
                0x0000000008005d10                floorf
 .text.scalbnf  0x0000000008005d94       0xe4 e:/stm32cubeide1.9.0/stm32cubeide_1.9.0/stm32cubeide/plugins/com.st.stm32cube.ide.mcu.externaltools.gnu-tools-for-stm32.10.3-2021.10.win32_1.0.0.202111181127/tools/bin/../lib/gcc/arm-none-eabi/10.3.1/../../../../arm-none-eabi/lib/thumb/v7e-m+fp/hard\libm.a(lib_a-sf_scalbn.o)
                0x0000000008005d94                scalbnf
 *(.glue_7)
 .glue_7        0x0000000008005e78        0x0 linker stubs
 *(.glue_7t)
 .glue_7t       0x0000000008005e78        0x0 linker stubs
 *(.eh_frame)
 .eh_frame      0x0000000008005e78        0x0 e:/stm32cubeide1.9.0/stm32cubeide_1.9.0/stm32cubeide/plugins/com.st.stm32cube.ide.mcu.externaltools.gnu-tools-for-stm32.10.3-2021.10.win32_1.0.0.202111181127/tools/bin/../lib/gcc/arm-none-eabi/10.3.1/thumb/v7e-m+fp/hard/crtbegin.o
 *(.init)
 .init          0x0000000008005e78        0x4 e:/stm32cubeide1.9.0/stm32cubeide_1.9.0/stm32cubeide/plugins/com.st.stm32cube.ide.mcu.externaltools.gnu-tools-for-stm32.10.3-2021.10.win32_1.0.0.202111181127/tools/bin/../lib/gcc/arm-none-eabi/10.3.1/thumb/v7e-m+fp/hard/crti.o
                0x0000000008005e78                _init
 .init          0x0000000008005e7c        0x8 e:/stm32cubeide1.9.0/stm32cubeide_1.9.0/stm32cubeide/plugins/com.st.stm32cube.ide.mcu.externaltools.gnu-tools-for-stm32.10.3-2021.10.win32_1.0.0.202111181127/tools/bin/../lib/gcc/arm-none-eabi/10.3.1/thumb/v7e-m+fp/hard/crtn.o
 *(.fini)
 .fini          0x0000000008005e84        0x4 e:/stm32cubeide1.9.0/stm32cubeide_1.9.0/stm32cubeide/plugins/com.st.stm32cube.ide.mcu.externaltools.gnu-tools-for-stm32.10.3-2021.10.win32_1.0.0.202111181127/tools/bin/../lib/gcc/arm-none-eabi/10.3.1/thumb/v7e-m+fp/hard/crti.o
                0x0000000008005e84                _fini
 .fini          0x0000000008005e88        0x8 e:/stm32cubeide1.9.0/stm32cubeide_1.9.0/stm32cubeide/plugins/com.st.stm32cube.ide.mcu.externaltools.gnu-tools-for-stm32.10.3-2021.10.win32_1.0.0.202111181127/tools/bin/../lib/gcc/arm-none-eabi/10.3.1/thumb/v7e-m+fp/hard/crtn.o
                0x0000000008005e90                . = ALIGN (0x4)
                0x0000000008005e90                _etext = .

.vfp11_veneer   0x0000000008005e90        0x0
 .vfp11_veneer  0x0000000008005e90        0x0 linker stubs

.v4_bx          0x0000000008005e90        0x0
 .v4_bx         0x0000000008005e90        0x0 linker stubs

.iplt           0x0000000008005e90        0x0
 .iplt          0x0000000008005e90        0x0 e:/stm32cubeide1.9.0/stm32cubeide_1.9.0/stm32cubeide/plugins/com.st.stm32cube.ide.mcu.externaltools.gnu-tools-for-stm32.10.3-2021.10.win32_1.0.0.202111181127/tools/bin/../lib/gcc/arm-none-eabi/10.3.1/thumb/v7e-m+fp/hard/crtbegin.o

.rodata         0x0000000008005e90      0x478
                0x0000000008005e90                . = ALIGN (0x4)
 *(.rodata)
 .rodata        0x0000000008005e90       0x63 ./Core/Src/main.o
 *(.rodata*)
 *fill*         0x0000000008005ef3        0x1 
 .rodata.AHBPrescTable
                0x0000000008005ef4       0x10 ./Core/Src/system_stm32g4xx.o
                0x0000000008005ef4                AHBPrescTable
 .rodata._svfprintf_r.str1.1
                0x0000000008005f04       0x11 e:/stm32cubeide1.9.0/stm32cubeide_1.9.0/stm32cubeide/plugins/com.st.stm32cube.ide.mcu.externaltools.gnu-tools-for-stm32.10.3-2021.10.win32_1.0.0.202111181127/tools/bin/../lib/gcc/arm-none-eabi/10.3.1/../../../../arm-none-eabi/lib/thumb/v7e-m+fp/hard\libc_nano.a(lib_a-nano-svfprintf.o)
 .rodata._printf_i.str1.1
                0x0000000008005f15       0x22 e:/stm32cubeide1.9.0/stm32cubeide_1.9.0/stm32cubeide/plugins/com.st.stm32cube.ide.mcu.externaltools.gnu-tools-for-stm32.10.3-2021.10.win32_1.0.0.202111181127/tools/bin/../lib/gcc/arm-none-eabi/10.3.1/../../../../arm-none-eabi/lib/thumb/v7e-m+fp/hard\libc_nano.a(lib_a-nano-vfprintf_i.o)
 *fill*         0x0000000008005f37        0x1 
 .rodata.npio2_hw
                0x0000000008005f38       0x80 e:/stm32cubeide1.9.0/stm32cubeide_1.9.0/stm32cubeide/plugins/com.st.stm32cube.ide.mcu.externaltools.gnu-tools-for-stm32.10.3-2021.10.win32_1.0.0.202111181127/tools/bin/../lib/gcc/arm-none-eabi/10.3.1/../../../../arm-none-eabi/lib/thumb/v7e-m+fp/hard\libm.a(lib_a-ef_rem_pio2.o)
 .rodata.two_over_pi
                0x0000000008005fb8      0x318 e:/stm32cubeide1.9.0/stm32cubeide_1.9.0/stm32cubeide/plugins/com.st.stm32cube.ide.mcu.externaltools.gnu-tools-for-stm32.10.3-2021.10.win32_1.0.0.202111181127/tools/bin/../lib/gcc/arm-none-eabi/10.3.1/../../../../arm-none-eabi/lib/thumb/v7e-m+fp/hard\libm.a(lib_a-ef_rem_pio2.o)
 .rodata.PIo2   0x00000000080062d0       0x2c e:/stm32cubeide1.9.0/stm32cubeide_1.9.0/stm32cubeide/plugins/com.st.stm32cube.ide.mcu.externaltools.gnu-tools-for-stm32.10.3-2021.10.win32_1.0.0.202111181127/tools/bin/../lib/gcc/arm-none-eabi/10.3.1/../../../../arm-none-eabi/lib/thumb/v7e-m+fp/hard\libm.a(lib_a-kf_rem_pio2.o)
 .rodata.init_jk
                0x00000000080062fc        0xc e:/stm32cubeide1.9.0/stm32cubeide_1.9.0/stm32cubeide/plugins/com.st.stm32cube.ide.mcu.externaltools.gnu-tools-for-stm32.10.3-2021.10.win32_1.0.0.202111181127/tools/bin/../lib/gcc/arm-none-eabi/10.3.1/../../../../arm-none-eabi/lib/thumb/v7e-m+fp/hard\libm.a(lib_a-kf_rem_pio2.o)
                0x0000000008006308                . = ALIGN (0x4)

.rel.dyn        0x0000000008006308        0x0
 .rel.iplt      0x0000000008006308        0x0 e:/stm32cubeide1.9.0/stm32cubeide_1.9.0/stm32cubeide/plugins/com.st.stm32cube.ide.mcu.externaltools.gnu-tools-for-stm32.10.3-2021.10.win32_1.0.0.202111181127/tools/bin/../lib/gcc/arm-none-eabi/10.3.1/thumb/v7e-m+fp/hard/crtbegin.o

.ARM.extab      0x0000000008006308        0x0
                0x0000000008006308                . = ALIGN (0x4)
 *(.ARM.extab* .gnu.linkonce.armextab.*)
                0x0000000008006308                . = ALIGN (0x4)

.ARM            0x0000000008006308        0x0
                0x0000000008006308                . = ALIGN (0x4)
                0x0000000008006308                __exidx_start = .
 *(.ARM.exidx*)
                0x0000000008006308                __exidx_end = .
                0x0000000008006308                . = ALIGN (0x4)

.preinit_array  0x0000000008006308        0x0
                0x0000000008006308                . = ALIGN (0x4)
                0x0000000008006308                PROVIDE (__preinit_array_start = .)
 *(.preinit_array*)
                0x0000000008006308                PROVIDE (__preinit_array_end = .)
                0x0000000008006308                . = ALIGN (0x4)

.init_array     0x0000000008006308        0x4
                0x0000000008006308                . = ALIGN (0x4)
                0x0000000008006308                PROVIDE (__init_array_start = .)
 *(SORT_BY_NAME(.init_array.*))
 *(.init_array*)
 .init_array    0x0000000008006308        0x4 e:/stm32cubeide1.9.0/stm32cubeide_1.9.0/stm32cubeide/plugins/com.st.stm32cube.ide.mcu.externaltools.gnu-tools-for-stm32.10.3-2021.10.win32_1.0.0.202111181127/tools/bin/../lib/gcc/arm-none-eabi/10.3.1/thumb/v7e-m+fp/hard/crtbegin.o
                0x000000000800630c                PROVIDE (__init_array_end = .)
                0x000000000800630c                . = ALIGN (0x4)

.fini_array     0x000000000800630c        0x4
                0x000000000800630c                . = ALIGN (0x4)
                [!provide]                        PROVIDE (__fini_array_start = .)
 *(SORT_BY_NAME(.fini_array.*))
 *(.fini_array*)
 .fini_array    0x000000000800630c        0x4 e:/stm32cubeide1.9.0/stm32cubeide_1.9.0/stm32cubeide/plugins/com.st.stm32cube.ide.mcu.externaltools.gnu-tools-for-stm32.10.3-2021.10.win32_1.0.0.202111181127/tools/bin/../lib/gcc/arm-none-eabi/10.3.1/thumb/v7e-m+fp/hard/crtbegin.o
                [!provide]                        PROVIDE (__fini_array_end = .)
                0x0000000008006310                . = ALIGN (0x4)
                0x0000000008006310                _sidata = LOADADDR (.data)

.data           0x0000000020000000       0x70 load address 0x0000000008006310
                0x0000000020000000                . = ALIGN (0x4)
                0x0000000020000000                _sdata = .
 *(.data)
 *(.data*)
 .data.SystemCoreClock
                0x0000000020000000        0x4 ./Core/Src/system_stm32g4xx.o
                0x0000000020000000                SystemCoreClock
 .data.uwTickPrio
                0x0000000020000004        0x4 ./Drivers/STM32G4xx_HAL_Driver/Src/stm32g4xx_hal.o
                0x0000000020000004                uwTickPrio
 .data.uwTickFreq
                0x0000000020000008        0x4 ./Drivers/STM32G4xx_HAL_Driver/Src/stm32g4xx_hal.o
                0x0000000020000008                uwTickFreq
 .data._impure_ptr
                0x000000002000000c        0x4 e:/stm32cubeide1.9.0/stm32cubeide_1.9.0/stm32cubeide/plugins/com.st.stm32cube.ide.mcu.externaltools.gnu-tools-for-stm32.10.3-2021.10.win32_1.0.0.202111181127/tools/bin/../lib/gcc/arm-none-eabi/10.3.1/../../../../arm-none-eabi/lib/thumb/v7e-m+fp/hard\libc_nano.a(lib_a-impure.o)
                0x000000002000000c                _impure_ptr
 .data.impure_data
                0x0000000020000010       0x60 e:/stm32cubeide1.9.0/stm32cubeide_1.9.0/stm32cubeide/plugins/com.st.stm32cube.ide.mcu.externaltools.gnu-tools-for-stm32.10.3-2021.10.win32_1.0.0.202111181127/tools/bin/../lib/gcc/arm-none-eabi/10.3.1/../../../../arm-none-eabi/lib/thumb/v7e-m+fp/hard\libc_nano.a(lib_a-impure.o)
 *(.RamFunc)
 *(.RamFunc*)
                0x0000000020000070                . = ALIGN (0x4)
                0x0000000020000070                _edata = .

.igot.plt       0x0000000020000070        0x0 load address 0x0000000008006380
 .igot.plt      0x0000000020000070        0x0 e:/stm32cubeide1.9.0/stm32cubeide_1.9.0/stm32cubeide/plugins/com.st.stm32cube.ide.mcu.externaltools.gnu-tools-for-stm32.10.3-2021.10.win32_1.0.0.202111181127/tools/bin/../lib/gcc/arm-none-eabi/10.3.1/thumb/v7e-m+fp/hard/crtbegin.o
                0x0000000020000070                . = ALIGN (0x4)

.bss            0x0000000020000070      0xf04 load address 0x0000000008006380
                0x0000000020000070                _sbss = .
                0x0000000020000070                __bss_start__ = _sbss
 *(.bss)
 .bss           0x0000000020000070       0x1c e:/stm32cubeide1.9.0/stm32cubeide_1.9.0/stm32cubeide/plugins/com.st.stm32cube.ide.mcu.externaltools.gnu-tools-for-stm32.10.3-2021.10.win32_1.0.0.202111181127/tools/bin/../lib/gcc/arm-none-eabi/10.3.1/thumb/v7e-m+fp/hard/crtbegin.o
 *(.bss*)
 .bss.hdac1     0x000000002000008c       0x14 ./Core/Src/main.o
                0x000000002000008c                hdac1
 .bss.hadc1     0x00000000200000a0       0x6c ./Core/Src/main.o
                0x00000000200000a0                hadc1
 .bss.htim6     0x000000002000010c       0x4c ./Core/Src/main.o
                0x000000002000010c                htim6
 .bss.waveform  0x0000000020000158      0x190 ./Core/Src/main.o
                0x0000000020000158                waveform
 .bss.adcBuffer
                0x00000000200002e8      0x640 ./Core/Src/main.o
                0x00000000200002e8                adcBuffer
 .bss.adcReady  0x0000000020000928        0x1 ./Core/Src/main.o
                0x0000000020000928                adcReady
 *fill*         0x0000000020000929        0x3 
 .bss.fftInput  0x000000002000092c      0x400 ./Core/Src/main.o
                0x000000002000092c                fftInput
 .bss.fftOutput
                0x0000000020000d2c      0x200 ./Core/Src/main.o
                0x0000000020000d2c                fftOutput
 .bss.analysisResult
                0x0000000020000f2c       0x30 ./Core/Src/main.o
                0x0000000020000f2c                analysisResult
 .bss.__sbrk_heap_end
                0x0000000020000f5c        0x4 ./Core/Src/sysmem.o
 .bss.uwTick    0x0000000020000f60        0x4 ./Drivers/STM32G4xx_HAL_Driver/Src/stm32g4xx_hal.o
                0x0000000020000f60                uwTick
 .bss.__malloc_free_list
                0x0000000020000f64        0x4 e:/stm32cubeide1.9.0/stm32cubeide_1.9.0/stm32cubeide/plugins/com.st.stm32cube.ide.mcu.externaltools.gnu-tools-for-stm32.10.3-2021.10.win32_1.0.0.202111181127/tools/bin/../lib/gcc/arm-none-eabi/10.3.1/../../../../arm-none-eabi/lib/thumb/v7e-m+fp/hard\libc_nano.a(lib_a-nano-mallocr.o)
                0x0000000020000f64                __malloc_free_list
 .bss.__malloc_sbrk_start
                0x0000000020000f68        0x4 e:/stm32cubeide1.9.0/stm32cubeide_1.9.0/stm32cubeide/plugins/com.st.stm32cube.ide.mcu.externaltools.gnu-tools-for-stm32.10.3-2021.10.win32_1.0.0.202111181127/tools/bin/../lib/gcc/arm-none-eabi/10.3.1/../../../../arm-none-eabi/lib/thumb/v7e-m+fp/hard\libc_nano.a(lib_a-nano-mallocr.o)
                0x0000000020000f68                __malloc_sbrk_start
 .bss.errno     0x0000000020000f6c        0x4 e:/stm32cubeide1.9.0/stm32cubeide_1.9.0/stm32cubeide/plugins/com.st.stm32cube.ide.mcu.externaltools.gnu-tools-for-stm32.10.3-2021.10.win32_1.0.0.202111181127/tools/bin/../lib/gcc/arm-none-eabi/10.3.1/../../../../arm-none-eabi/lib/thumb/v7e-m+fp/hard\libc_nano.a(lib_a-reent.o)
                0x0000000020000f6c                errno
 .bss.__lock___malloc_recursive_mutex
                0x0000000020000f70        0x1 e:/stm32cubeide1.9.0/stm32cubeide_1.9.0/stm32cubeide/plugins/com.st.stm32cube.ide.mcu.externaltools.gnu-tools-for-stm32.10.3-2021.10.win32_1.0.0.202111181127/tools/bin/../lib/gcc/arm-none-eabi/10.3.1/../../../../arm-none-eabi/lib/thumb/v7e-m+fp/hard\libc_nano.a(lib_a-lock.o)
                0x0000000020000f70                __lock___malloc_recursive_mutex
 *(COMMON)
                0x0000000020000f74                . = ALIGN (0x4)
 *fill*         0x0000000020000f71        0x3 
                0x0000000020000f74                _ebss = .
                0x0000000020000f74                __bss_end__ = _ebss

._user_heap_stack
                0x0000000020000f74      0x604 load address 0x0000000008006380
                0x0000000020000f78                . = ALIGN (0x8)
 *fill*         0x0000000020000f74        0x4 
                [!provide]                        PROVIDE (end = .)
                0x0000000020000f78                PROVIDE (_end = .)
                0x0000000020001178                . = (. + _Min_Heap_Size)
 *fill*         0x0000000020000f78      0x200 
                0x0000000020001578                . = (. + _Min_Stack_Size)
 *fill*         0x0000000020001178      0x400 
                0x0000000020001578                . = ALIGN (0x8)

/DISCARD/
 libc.a(*)
 libm.a(*)
 libgcc.a(*)

.ARM.attributes
                0x0000000000000000       0x30
 *(.ARM.attributes)
 .ARM.attributes
                0x0000000000000000       0x1e e:/stm32cubeide1.9.0/stm32cubeide_1.9.0/stm32cubeide/plugins/com.st.stm32cube.ide.mcu.externaltools.gnu-tools-for-stm32.10.3-2021.10.win32_1.0.0.202111181127/tools/bin/../lib/gcc/arm-none-eabi/10.3.1/thumb/v7e-m+fp/hard/crti.o
 .ARM.attributes
                0x000000000000001e       0x34 e:/stm32cubeide1.9.0/stm32cubeide_1.9.0/stm32cubeide/plugins/com.st.stm32cube.ide.mcu.externaltools.gnu-tools-for-stm32.10.3-2021.10.win32_1.0.0.202111181127/tools/bin/../lib/gcc/arm-none-eabi/10.3.1/thumb/v7e-m+fp/hard/crtbegin.o
 .ARM.attributes
                0x0000000000000052       0x34 ./Core/Src/main.o
 .ARM.attributes
                0x0000000000000086       0x34 ./Core/Src/stm32g4xx_hal_msp.o
 .ARM.attributes
                0x00000000000000ba       0x34 ./Core/Src/stm32g4xx_it.o
 .ARM.attributes
                0x00000000000000ee       0x34 ./Core/Src/sysmem.o
 .ARM.attributes
                0x0000000000000122       0x34 ./Core/Src/system_stm32g4xx.o
 .ARM.attributes
                0x0000000000000156       0x21 ./Core/Startup/startup_stm32g431rbtx.o
 .ARM.attributes
                0x0000000000000177       0x34 ./Drivers/STM32G4xx_HAL_Driver/Src/stm32g4xx_hal.o
 .ARM.attributes
                0x00000000000001ab       0x34 ./Drivers/STM32G4xx_HAL_Driver/Src/stm32g4xx_hal_adc.o
 .ARM.attributes
                0x00000000000001df       0x34 ./Drivers/STM32G4xx_HAL_Driver/Src/stm32g4xx_hal_cortex.o
 .ARM.attributes
                0x0000000000000213       0x34 ./Drivers/STM32G4xx_HAL_Driver/Src/stm32g4xx_hal_dac.o
 .ARM.attributes
                0x0000000000000247       0x34 ./Drivers/STM32G4xx_HAL_Driver/Src/stm32g4xx_hal_dac_ex.o
 .ARM.attributes
                0x000000000000027b       0x34 ./Drivers/STM32G4xx_HAL_Driver/Src/stm32g4xx_hal_dma.o
 .ARM.attributes
                0x00000000000002af       0x34 ./Drivers/STM32G4xx_HAL_Driver/Src/stm32g4xx_hal_gpio.o
 .ARM.attributes
                0x00000000000002e3       0x34 ./Drivers/STM32G4xx_HAL_Driver/Src/stm32g4xx_hal_pwr_ex.o
 .ARM.attributes
                0x0000000000000317       0x34 ./Drivers/STM32G4xx_HAL_Driver/Src/stm32g4xx_hal_rcc.o
 .ARM.attributes
                0x000000000000034b       0x34 ./Drivers/STM32G4xx_HAL_Driver/Src/stm32g4xx_hal_rcc_ex.o
 .ARM.attributes
                0x000000000000037f       0x34 ./Drivers/STM32G4xx_HAL_Driver/Src/stm32g4xx_hal_tim.o
 .ARM.attributes
                0x00000000000003b3       0x34 ./Drivers/STM32G4xx_HAL_Driver/Src/stm32g4xx_hal_tim_ex.o
 .ARM.attributes
                0x00000000000003e7       0x34 e:/stm32cubeide1.9.0/stm32cubeide_1.9.0/stm32cubeide/plugins/com.st.stm32cube.ide.mcu.externaltools.gnu-tools-for-stm32.10.3-2021.10.win32_1.0.0.202111181127/tools/bin/../lib/gcc/arm-none-eabi/10.3.1/../../../../arm-none-eabi/lib/thumb/v7e-m+fp/hard\libc_nano.a(lib_a-errno.o)
 .ARM.attributes
                0x000000000000041b       0x34 e:/stm32cubeide1.9.0/stm32cubeide_1.9.0/stm32cubeide/plugins/com.st.stm32cube.ide.mcu.externaltools.gnu-tools-for-stm32.10.3-2021.10.win32_1.0.0.202111181127/tools/bin/../lib/gcc/arm-none-eabi/10.3.1/../../../../arm-none-eabi/lib/thumb/v7e-m+fp/hard\libc_nano.a(lib_a-impure.o)
 .ARM.attributes
                0x000000000000044f       0x34 e:/stm32cubeide1.9.0/stm32cubeide_1.9.0/stm32cubeide/plugins/com.st.stm32cube.ide.mcu.externaltools.gnu-tools-for-stm32.10.3-2021.10.win32_1.0.0.202111181127/tools/bin/../lib/gcc/arm-none-eabi/10.3.1/../../../../arm-none-eabi/lib/thumb/v7e-m+fp/hard\libc_nano.a(lib_a-init.o)
 .ARM.attributes
                0x0000000000000483       0x34 e:/stm32cubeide1.9.0/stm32cubeide_1.9.0/stm32cubeide/plugins/com.st.stm32cube.ide.mcu.externaltools.gnu-tools-for-stm32.10.3-2021.10.win32_1.0.0.202111181127/tools/bin/../lib/gcc/arm-none-eabi/10.3.1/../../../../arm-none-eabi/lib/thumb/v7e-m+fp/hard\libc_nano.a(lib_a-memset.o)
 .ARM.attributes
                0x00000000000004b7       0x34 e:/stm32cubeide1.9.0/stm32cubeide_1.9.0/stm32cubeide/plugins/com.st.stm32cube.ide.mcu.externaltools.gnu-tools-for-stm32.10.3-2021.10.win32_1.0.0.202111181127/tools/bin/../lib/gcc/arm-none-eabi/10.3.1/../../../../arm-none-eabi/lib/thumb/v7e-m+fp/hard\libc_nano.a(lib_a-sprintf.o)
 .ARM.attributes
                0x00000000000004eb       0x34 e:/stm32cubeide1.9.0/stm32cubeide_1.9.0/stm32cubeide/plugins/com.st.stm32cube.ide.mcu.externaltools.gnu-tools-for-stm32.10.3-2021.10.win32_1.0.0.202111181127/tools/bin/../lib/gcc/arm-none-eabi/10.3.1/../../../../arm-none-eabi/lib/thumb/v7e-m+fp/hard\libc_nano.a(lib_a-nano-svfprintf.o)
 .ARM.attributes
                0x000000000000051f       0x34 e:/stm32cubeide1.9.0/stm32cubeide_1.9.0/stm32cubeide/plugins/com.st.stm32cube.ide.mcu.externaltools.gnu-tools-for-stm32.10.3-2021.10.win32_1.0.0.202111181127/tools/bin/../lib/gcc/arm-none-eabi/10.3.1/../../../../arm-none-eabi/lib/thumb/v7e-m+fp/hard\libc_nano.a(lib_a-nano-vfprintf_i.o)
 .ARM.attributes
                0x0000000000000553       0x1c e:/stm32cubeide1.9.0/stm32cubeide_1.9.0/stm32cubeide/plugins/com.st.stm32cube.ide.mcu.externaltools.gnu-tools-for-stm32.10.3-2021.10.win32_1.0.0.202111181127/tools/bin/../lib/gcc/arm-none-eabi/10.3.1/../../../../arm-none-eabi/lib/thumb/v7e-m+fp/hard\libc_nano.a(lib_a-memchr.o)
 .ARM.attributes
                0x000000000000056f       0x34 e:/stm32cubeide1.9.0/stm32cubeide_1.9.0/stm32cubeide/plugins/com.st.stm32cube.ide.mcu.externaltools.gnu-tools-for-stm32.10.3-2021.10.win32_1.0.0.202111181127/tools/bin/../lib/gcc/arm-none-eabi/10.3.1/../../../../arm-none-eabi/lib/thumb/v7e-m+fp/hard\libc_nano.a(lib_a-memcpy-stub.o)
 .ARM.attributes
                0x00000000000005a3       0x34 e:/stm32cubeide1.9.0/stm32cubeide_1.9.0/stm32cubeide/plugins/com.st.stm32cube.ide.mcu.externaltools.gnu-tools-for-stm32.10.3-2021.10.win32_1.0.0.202111181127/tools/bin/../lib/gcc/arm-none-eabi/10.3.1/../../../../arm-none-eabi/lib/thumb/v7e-m+fp/hard\libc_nano.a(lib_a-memmove.o)
 .ARM.attributes
                0x00000000000005d7       0x34 e:/stm32cubeide1.9.0/stm32cubeide_1.9.0/stm32cubeide/plugins/com.st.stm32cube.ide.mcu.externaltools.gnu-tools-for-stm32.10.3-2021.10.win32_1.0.0.202111181127/tools/bin/../lib/gcc/arm-none-eabi/10.3.1/../../../../arm-none-eabi/lib/thumb/v7e-m+fp/hard\libc_nano.a(lib_a-nano-freer.o)
 .ARM.attributes
                0x000000000000060b       0x34 e:/stm32cubeide1.9.0/stm32cubeide_1.9.0/stm32cubeide/plugins/com.st.stm32cube.ide.mcu.externaltools.gnu-tools-for-stm32.10.3-2021.10.win32_1.0.0.202111181127/tools/bin/../lib/gcc/arm-none-eabi/10.3.1/../../../../arm-none-eabi/lib/thumb/v7e-m+fp/hard\libc_nano.a(lib_a-nano-mallocr.o)
 .ARM.attributes
                0x000000000000063f       0x34 e:/stm32cubeide1.9.0/stm32cubeide_1.9.0/stm32cubeide/plugins/com.st.stm32cube.ide.mcu.externaltools.gnu-tools-for-stm32.10.3-2021.10.win32_1.0.0.202111181127/tools/bin/../lib/gcc/arm-none-eabi/10.3.1/../../../../arm-none-eabi/lib/thumb/v7e-m+fp/hard\libc_nano.a(lib_a-nano-reallocr.o)
 .ARM.attributes
                0x0000000000000673       0x34 e:/stm32cubeide1.9.0/stm32cubeide_1.9.0/stm32cubeide/plugins/com.st.stm32cube.ide.mcu.externaltools.gnu-tools-for-stm32.10.3-2021.10.win32_1.0.0.202111181127/tools/bin/../lib/gcc/arm-none-eabi/10.3.1/../../../../arm-none-eabi/lib/thumb/v7e-m+fp/hard\libc_nano.a(lib_a-sbrkr.o)
 .ARM.attributes
                0x00000000000006a7       0x34 e:/stm32cubeide1.9.0/stm32cubeide_1.9.0/stm32cubeide/plugins/com.st.stm32cube.ide.mcu.externaltools.gnu-tools-for-stm32.10.3-2021.10.win32_1.0.0.202111181127/tools/bin/../lib/gcc/arm-none-eabi/10.3.1/../../../../arm-none-eabi/lib/thumb/v7e-m+fp/hard\libc_nano.a(lib_a-mlock.o)
 .ARM.attributes
                0x00000000000006db       0x34 e:/stm32cubeide1.9.0/stm32cubeide_1.9.0/stm32cubeide/plugins/com.st.stm32cube.ide.mcu.externaltools.gnu-tools-for-stm32.10.3-2021.10.win32_1.0.0.202111181127/tools/bin/../lib/gcc/arm-none-eabi/10.3.1/../../../../arm-none-eabi/lib/thumb/v7e-m+fp/hard\libc_nano.a(lib_a-nano-msizer.o)
 .ARM.attributes
                0x000000000000070f       0x34 e:/stm32cubeide1.9.0/stm32cubeide_1.9.0/stm32cubeide/plugins/com.st.stm32cube.ide.mcu.externaltools.gnu-tools-for-stm32.10.3-2021.10.win32_1.0.0.202111181127/tools/bin/../lib/gcc/arm-none-eabi/10.3.1/../../../../arm-none-eabi/lib/thumb/v7e-m+fp/hard\libc_nano.a(lib_a-reent.o)
 .ARM.attributes
                0x0000000000000743       0x34 e:/stm32cubeide1.9.0/stm32cubeide_1.9.0/stm32cubeide/plugins/com.st.stm32cube.ide.mcu.externaltools.gnu-tools-for-stm32.10.3-2021.10.win32_1.0.0.202111181127/tools/bin/../lib/gcc/arm-none-eabi/10.3.1/../../../../arm-none-eabi/lib/thumb/v7e-m+fp/hard\libc_nano.a(lib_a-lock.o)
 .ARM.attributes
                0x0000000000000777       0x34 e:/stm32cubeide1.9.0/stm32cubeide_1.9.0/stm32cubeide/plugins/com.st.stm32cube.ide.mcu.externaltools.gnu-tools-for-stm32.10.3-2021.10.win32_1.0.0.202111181127/tools/bin/../lib/gcc/arm-none-eabi/10.3.1/../../../../arm-none-eabi/lib/thumb/v7e-m+fp/hard\libm.a(lib_a-sf_cos.o)
 .ARM.attributes
                0x00000000000007ab       0x34 e:/stm32cubeide1.9.0/stm32cubeide_1.9.0/stm32cubeide/plugins/com.st.stm32cube.ide.mcu.externaltools.gnu-tools-for-stm32.10.3-2021.10.win32_1.0.0.202111181127/tools/bin/../lib/gcc/arm-none-eabi/10.3.1/../../../../arm-none-eabi/lib/thumb/v7e-m+fp/hard\libm.a(lib_a-sf_sin.o)
 .ARM.attributes
                0x00000000000007df       0x34 e:/stm32cubeide1.9.0/stm32cubeide_1.9.0/stm32cubeide/plugins/com.st.stm32cube.ide.mcu.externaltools.gnu-tools-for-stm32.10.3-2021.10.win32_1.0.0.202111181127/tools/bin/../lib/gcc/arm-none-eabi/10.3.1/../../../../arm-none-eabi/lib/thumb/v7e-m+fp/hard\libm.a(lib_a-wf_sqrt.o)
 .ARM.attributes
                0x0000000000000813       0x34 e:/stm32cubeide1.9.0/stm32cubeide_1.9.0/stm32cubeide/plugins/com.st.stm32cube.ide.mcu.externaltools.gnu-tools-for-stm32.10.3-2021.10.win32_1.0.0.202111181127/tools/bin/../lib/gcc/arm-none-eabi/10.3.1/../../../../arm-none-eabi/lib/thumb/v7e-m+fp/hard\libm.a(lib_a-ef_rem_pio2.o)
 .ARM.attributes
                0x0000000000000847       0x34 e:/stm32cubeide1.9.0/stm32cubeide_1.9.0/stm32cubeide/plugins/com.st.stm32cube.ide.mcu.externaltools.gnu-tools-for-stm32.10.3-2021.10.win32_1.0.0.202111181127/tools/bin/../lib/gcc/arm-none-eabi/10.3.1/../../../../arm-none-eabi/lib/thumb/v7e-m+fp/hard\libm.a(lib_a-ef_sqrt.o)
 .ARM.attributes
                0x000000000000087b       0x34 e:/stm32cubeide1.9.0/stm32cubeide_1.9.0/stm32cubeide/plugins/com.st.stm32cube.ide.mcu.externaltools.gnu-tools-for-stm32.10.3-2021.10.win32_1.0.0.202111181127/tools/bin/../lib/gcc/arm-none-eabi/10.3.1/../../../../arm-none-eabi/lib/thumb/v7e-m+fp/hard\libm.a(lib_a-kf_cos.o)
 .ARM.attributes
                0x00000000000008af       0x34 e:/stm32cubeide1.9.0/stm32cubeide_1.9.0/stm32cubeide/plugins/com.st.stm32cube.ide.mcu.externaltools.gnu-tools-for-stm32.10.3-2021.10.win32_1.0.0.202111181127/tools/bin/../lib/gcc/arm-none-eabi/10.3.1/../../../../arm-none-eabi/lib/thumb/v7e-m+fp/hard\libm.a(lib_a-kf_rem_pio2.o)
 .ARM.attributes
                0x00000000000008e3       0x34 e:/stm32cubeide1.9.0/stm32cubeide_1.9.0/stm32cubeide/plugins/com.st.stm32cube.ide.mcu.externaltools.gnu-tools-for-stm32.10.3-2021.10.win32_1.0.0.202111181127/tools/bin/../lib/gcc/arm-none-eabi/10.3.1/../../../../arm-none-eabi/lib/thumb/v7e-m+fp/hard\libm.a(lib_a-kf_sin.o)
 .ARM.attributes
                0x0000000000000917       0x34 e:/stm32cubeide1.9.0/stm32cubeide_1.9.0/stm32cubeide/plugins/com.st.stm32cube.ide.mcu.externaltools.gnu-tools-for-stm32.10.3-2021.10.win32_1.0.0.202111181127/tools/bin/../lib/gcc/arm-none-eabi/10.3.1/../../../../arm-none-eabi/lib/thumb/v7e-m+fp/hard\libm.a(lib_a-sf_fabs.o)
 .ARM.attributes
                0x000000000000094b       0x34 e:/stm32cubeide1.9.0/stm32cubeide_1.9.0/stm32cubeide/plugins/com.st.stm32cube.ide.mcu.externaltools.gnu-tools-for-stm32.10.3-2021.10.win32_1.0.0.202111181127/tools/bin/../lib/gcc/arm-none-eabi/10.3.1/../../../../arm-none-eabi/lib/thumb/v7e-m+fp/hard\libm.a(lib_a-sf_floor.o)
 .ARM.attributes
                0x000000000000097f       0x34 e:/stm32cubeide1.9.0/stm32cubeide_1.9.0/stm32cubeide/plugins/com.st.stm32cube.ide.mcu.externaltools.gnu-tools-for-stm32.10.3-2021.10.win32_1.0.0.202111181127/tools/bin/../lib/gcc/arm-none-eabi/10.3.1/../../../../arm-none-eabi/lib/thumb/v7e-m+fp/hard\libm.a(lib_a-sf_scalbn.o)
 .ARM.attributes
                0x00000000000009b3       0x1e e:/stm32cubeide1.9.0/stm32cubeide_1.9.0/stm32cubeide/plugins/com.st.stm32cube.ide.mcu.externaltools.gnu-tools-for-stm32.10.3-2021.10.win32_1.0.0.202111181127/tools/bin/../lib/gcc/arm-none-eabi/10.3.1/thumb/v7e-m+fp/hard\libgcc.a(_arm_addsubdf3.o)
 .ARM.attributes
                0x00000000000009d1       0x1e e:/stm32cubeide1.9.0/stm32cubeide_1.9.0/stm32cubeide/plugins/com.st.stm32cube.ide.mcu.externaltools.gnu-tools-for-stm32.10.3-2021.10.win32_1.0.0.202111181127/tools/bin/../lib/gcc/arm-none-eabi/10.3.1/thumb/v7e-m+fp/hard/crtn.o
OUTPUT(Ex12.elf elf32-littlearm)
LOAD linker stubs
LOAD e:/stm32cubeide1.9.0/stm32cubeide_1.9.0/stm32cubeide/plugins/com.st.stm32cube.ide.mcu.externaltools.gnu-tools-for-stm32.10.3-2021.10.win32_1.0.0.202111181127/tools/bin/../lib/gcc/arm-none-eabi/10.3.1/../../../../arm-none-eabi/lib/thumb/v7e-m+fp/hard\libc.a
LOAD e:/stm32cubeide1.9.0/stm32cubeide_1.9.0/stm32cubeide/plugins/com.st.stm32cube.ide.mcu.externaltools.gnu-tools-for-stm32.10.3-2021.10.win32_1.0.0.202111181127/tools/bin/../lib/gcc/arm-none-eabi/10.3.1/../../../../arm-none-eabi/lib/thumb/v7e-m+fp/hard\libm.a
LOAD e:/stm32cubeide1.9.0/stm32cubeide_1.9.0/stm32cubeide/plugins/com.st.stm32cube.ide.mcu.externaltools.gnu-tools-for-stm32.10.3-2021.10.win32_1.0.0.202111181127/tools/bin/../lib/gcc/arm-none-eabi/10.3.1/thumb/v7e-m+fp/hard\libgcc.a

.debug_info     0x0000000000000000    0x116c7
 .debug_info    0x0000000000000000     0x1d24 ./Core/Src/main.o
 .debug_info    0x0000000000001d24     0x15a2 ./Core/Src/stm32g4xx_hal_msp.o
 .debug_info    0x00000000000032c6      0x4ea ./Core/Src/stm32g4xx_it.o
 .debug_info    0x00000000000037b0      0x171 ./Core/Src/sysmem.o
 .debug_info    0x0000000000003921      0x59f ./Core/Src/system_stm32g4xx.o
 .debug_info    0x0000000000003ec0       0x22 ./Core/Startup/startup_stm32g431rbtx.o
 .debug_info    0x0000000000003ee2      0xb28 ./Drivers/STM32G4xx_HAL_Driver/Src/stm32g4xx_hal.o
 .debug_info    0x0000000000004a0a     0x2166 ./Drivers/STM32G4xx_HAL_Driver/Src/stm32g4xx_hal_adc.o
 .debug_info    0x0000000000006b70      0xdc4 ./Drivers/STM32G4xx_HAL_Driver/Src/stm32g4xx_hal_cortex.o
 .debug_info    0x0000000000007934      0xd75 ./Drivers/STM32G4xx_HAL_Driver/Src/stm32g4xx_hal_dac.o
 .debug_info    0x00000000000086a9      0xe33 ./Drivers/STM32G4xx_HAL_Driver/Src/stm32g4xx_hal_dac_ex.o
 .debug_info    0x00000000000094dc      0x8ee ./Drivers/STM32G4xx_HAL_Driver/Src/stm32g4xx_hal_dma.o
 .debug_info    0x0000000000009dca      0x82f ./Drivers/STM32G4xx_HAL_Driver/Src/stm32g4xx_hal_gpio.o
 .debug_info    0x000000000000a5f9      0x983 ./Drivers/STM32G4xx_HAL_Driver/Src/stm32g4xx_hal_pwr_ex.o
 .debug_info    0x000000000000af7c      0xc53 ./Drivers/STM32G4xx_HAL_Driver/Src/stm32g4xx_hal_rcc.o
 .debug_info    0x000000000000bbcf      0xcfe ./Drivers/STM32G4xx_HAL_Driver/Src/stm32g4xx_hal_rcc_ex.o
 .debug_info    0x000000000000c8cd     0x2edc ./Drivers/STM32G4xx_HAL_Driver/Src/stm32g4xx_hal_tim.o
 .debug_info    0x000000000000f7a9     0x1f1e ./Drivers/STM32G4xx_HAL_Driver/Src/stm32g4xx_hal_tim_ex.o

.debug_abbrev   0x0000000000000000     0x2563
 .debug_abbrev  0x0000000000000000      0x2f7 ./Core/Src/main.o
 .debug_abbrev  0x00000000000002f7      0x266 ./Core/Src/stm32g4xx_hal_msp.o
 .debug_abbrev  0x000000000000055d      0x15f ./Core/Src/stm32g4xx_it.o
 .debug_abbrev  0x00000000000006bc       0xbb ./Core/Src/sysmem.o
 .debug_abbrev  0x0000000000000777      0x116 ./Core/Src/system_stm32g4xx.o
 .debug_abbrev  0x000000000000088d       0x12 ./Core/Startup/startup_stm32g431rbtx.o
 .debug_abbrev  0x000000000000089f      0x269 ./Drivers/STM32G4xx_HAL_Driver/Src/stm32g4xx_hal.o
 .debug_abbrev  0x0000000000000b08      0x2bf ./Drivers/STM32G4xx_HAL_Driver/Src/stm32g4xx_hal_adc.o
 .debug_abbrev  0x0000000000000dc7      0x30d ./Drivers/STM32G4xx_HAL_Driver/Src/stm32g4xx_hal_cortex.o
 .debug_abbrev  0x00000000000010d4      0x220 ./Drivers/STM32G4xx_HAL_Driver/Src/stm32g4xx_hal_dac.o
 .debug_abbrev  0x00000000000012f4      0x269 ./Drivers/STM32G4xx_HAL_Driver/Src/stm32g4xx_hal_dac_ex.o
 .debug_abbrev  0x000000000000155d      0x1d7 ./Drivers/STM32G4xx_HAL_Driver/Src/stm32g4xx_hal_dma.o
 .debug_abbrev  0x0000000000001734      0x1bb ./Drivers/STM32G4xx_HAL_Driver/Src/stm32g4xx_hal_gpio.o
 .debug_abbrev  0x00000000000018ef      0x229 ./Drivers/STM32G4xx_HAL_Driver/Src/stm32g4xx_hal_pwr_ex.o
 .debug_abbrev  0x0000000000001b18      0x2bd ./Drivers/STM32G4xx_HAL_Driver/Src/stm32g4xx_hal_rcc.o
 .debug_abbrev  0x0000000000001dd5      0x247 ./Drivers/STM32G4xx_HAL_Driver/Src/stm32g4xx_hal_rcc_ex.o
 .debug_abbrev  0x000000000000201c      0x295 ./Drivers/STM32G4xx_HAL_Driver/Src/stm32g4xx_hal_tim.o
 .debug_abbrev  0x00000000000022b1      0x2b2 ./Drivers/STM32G4xx_HAL_Driver/Src/stm32g4xx_hal_tim_ex.o

.debug_aranges  0x0000000000000000     0x1170
 .debug_aranges
                0x0000000000000000       0x88 ./Core/Src/main.o
 .debug_aranges
                0x0000000000000088       0x50 ./Core/Src/stm32g4xx_hal_msp.o
 .debug_aranges
                0x00000000000000d8       0x70 ./Core/Src/stm32g4xx_it.o
 .debug_aranges
                0x0000000000000148       0x20 ./Core/Src/sysmem.o
 .debug_aranges
                0x0000000000000168       0x28 ./Core/Src/system_stm32g4xx.o
 .debug_aranges
                0x0000000000000190       0x28 ./Core/Startup/startup_stm32g431rbtx.o
 .debug_aranges
                0x00000000000001b8      0x148 ./Drivers/STM32G4xx_HAL_Driver/Src/stm32g4xx_hal.o
 .debug_aranges
                0x0000000000000300      0x248 ./Drivers/STM32G4xx_HAL_Driver/Src/stm32g4xx_hal_adc.o
 .debug_aranges
                0x0000000000000548      0x118 ./Drivers/STM32G4xx_HAL_Driver/Src/stm32g4xx_hal_cortex.o
 .debug_aranges
                0x0000000000000660       0xc0 ./Drivers/STM32G4xx_HAL_Driver/Src/stm32g4xx_hal_dac.o
 .debug_aranges
                0x0000000000000720       0xc0 ./Drivers/STM32G4xx_HAL_Driver/Src/stm32g4xx_hal_dac_ex.o
 .debug_aranges
                0x00000000000007e0       0x90 ./Drivers/STM32G4xx_HAL_Driver/Src/stm32g4xx_hal_dma.o
 .debug_aranges
                0x0000000000000870       0x58 ./Drivers/STM32G4xx_HAL_Driver/Src/stm32g4xx_hal_gpio.o
 .debug_aranges
                0x00000000000008c8      0x140 ./Drivers/STM32G4xx_HAL_Driver/Src/stm32g4xx_hal_pwr_ex.o
 .debug_aranges
                0x0000000000000a08       0x98 ./Drivers/STM32G4xx_HAL_Driver/Src/stm32g4xx_hal_rcc.o
 .debug_aranges
                0x0000000000000aa0       0xb0 ./Drivers/STM32G4xx_HAL_Driver/Src/stm32g4xx_hal_rcc_ex.o
 .debug_aranges
                0x0000000000000b50      0x3e0 ./Drivers/STM32G4xx_HAL_Driver/Src/stm32g4xx_hal_tim.o
 .debug_aranges
                0x0000000000000f30      0x240 ./Drivers/STM32G4xx_HAL_Driver/Src/stm32g4xx_hal_tim_ex.o

.debug_ranges   0x0000000000000000     0x1058
 .debug_ranges  0x0000000000000000       0x78 ./Core/Src/main.o
 .debug_ranges  0x0000000000000078       0x40 ./Core/Src/stm32g4xx_hal_msp.o
 .debug_ranges  0x00000000000000b8       0x60 ./Core/Src/stm32g4xx_it.o
 .debug_ranges  0x0000000000000118       0x10 ./Core/Src/sysmem.o
 .debug_ranges  0x0000000000000128       0x18 ./Core/Src/system_stm32g4xx.o
 .debug_ranges  0x0000000000000140       0x20 ./Core/Startup/startup_stm32g431rbtx.o
 .debug_ranges  0x0000000000000160      0x138 ./Drivers/STM32G4xx_HAL_Driver/Src/stm32g4xx_hal.o
 .debug_ranges  0x0000000000000298      0x238 ./Drivers/STM32G4xx_HAL_Driver/Src/stm32g4xx_hal_adc.o
 .debug_ranges  0x00000000000004d0      0x108 ./Drivers/STM32G4xx_HAL_Driver/Src/stm32g4xx_hal_cortex.o
 .debug_ranges  0x00000000000005d8       0xb0 ./Drivers/STM32G4xx_HAL_Driver/Src/stm32g4xx_hal_dac.o
 .debug_ranges  0x0000000000000688       0xb0 ./Drivers/STM32G4xx_HAL_Driver/Src/stm32g4xx_hal_dac_ex.o
 .debug_ranges  0x0000000000000738       0x80 ./Drivers/STM32G4xx_HAL_Driver/Src/stm32g4xx_hal_dma.o
 .debug_ranges  0x00000000000007b8       0x48 ./Drivers/STM32G4xx_HAL_Driver/Src/stm32g4xx_hal_gpio.o
 .debug_ranges  0x0000000000000800      0x130 ./Drivers/STM32G4xx_HAL_Driver/Src/stm32g4xx_hal_pwr_ex.o
 .debug_ranges  0x0000000000000930       0x88 ./Drivers/STM32G4xx_HAL_Driver/Src/stm32g4xx_hal_rcc.o
 .debug_ranges  0x00000000000009b8       0xa0 ./Drivers/STM32G4xx_HAL_Driver/Src/stm32g4xx_hal_rcc_ex.o
 .debug_ranges  0x0000000000000a58      0x3d0 ./Drivers/STM32G4xx_HAL_Driver/Src/stm32g4xx_hal_tim.o
 .debug_ranges  0x0000000000000e28      0x230 ./Drivers/STM32G4xx_HAL_Driver/Src/stm32g4xx_hal_tim_ex.o

.debug_macro    0x0000000000000000    0x20458
 .debug_macro   0x0000000000000000      0x40d ./Core/Src/main.o
 .debug_macro   0x000000000000040d      0xa78 ./Core/Src/main.o
 .debug_macro   0x0000000000000e85      0x161 ./Core/Src/main.o
 .debug_macro   0x0000000000000fe6       0x2e ./Core/Src/main.o
 .debug_macro   0x0000000000001014       0x28 ./Core/Src/main.o
 .debug_macro   0x000000000000103c       0x22 ./Core/Src/main.o
 .debug_macro   0x000000000000105e       0x8e ./Core/Src/main.o
 .debug_macro   0x00000000000010ec       0x51 ./Core/Src/main.o
 .debug_macro   0x000000000000113d      0x103 ./Core/Src/main.o
 .debug_macro   0x0000000000001240       0x6a ./Core/Src/main.o
 .debug_macro   0x00000000000012aa      0x1df ./Core/Src/main.o
 .debug_macro   0x0000000000001489       0x1c ./Core/Src/main.o
 .debug_macro   0x00000000000014a5       0x22 ./Core/Src/main.o
 .debug_macro   0x00000000000014c7       0xfb ./Core/Src/main.o
 .debug_macro   0x00000000000015c2     0x1011 ./Core/Src/main.o
 .debug_macro   0x00000000000025d3      0x11f ./Core/Src/main.o
 .debug_macro   0x00000000000026f2    0x11350 ./Core/Src/main.o
 .debug_macro   0x0000000000013a42       0x6d ./Core/Src/main.o
 .debug_macro   0x0000000000013aaf     0x354d ./Core/Src/main.o
 .debug_macro   0x0000000000016ffc      0x174 ./Core/Src/main.o
 .debug_macro   0x0000000000017170       0x5c ./Core/Src/main.o
 .debug_macro   0x00000000000171cc     0x141d ./Core/Src/main.o
 .debug_macro   0x00000000000185e9      0x535 ./Core/Src/main.o
 .debug_macro   0x0000000000018b1e      0x1b6 ./Core/Src/main.o
 .debug_macro   0x0000000000018cd4      0x288 ./Core/Src/main.o
 .debug_macro   0x0000000000018f5c      0x41d ./Core/Src/main.o
 .debug_macro   0x0000000000019379      0x18b ./Core/Src/main.o
 .debug_macro   0x0000000000019504       0x43 ./Core/Src/main.o
 .debug_macro   0x0000000000019547      0x23d ./Core/Src/main.o
 .debug_macro   0x0000000000019784     0x1112 ./Core/Src/main.o
 .debug_macro   0x000000000001a896      0x72e ./Core/Src/main.o
 .debug_macro   0x000000000001afc4      0x391 ./Core/Src/main.o
 .debug_macro   0x000000000001b355      0x209 ./Core/Src/main.o
 .debug_macro   0x000000000001b55e      0x108 ./Core/Src/main.o
 .debug_macro   0x000000000001b666      0x211 ./Core/Src/main.o
 .debug_macro   0x000000000001b877      0x401 ./Core/Src/main.o
 .debug_macro   0x000000000001bc78      0x107 ./Core/Src/main.o
 .debug_macro   0x000000000001bd7f      0x122 ./Core/Src/main.o
 .debug_macro   0x000000000001bea1      0x3d1 ./Core/Src/main.o
 .debug_macro   0x000000000001c272      0xbda ./Core/Src/main.o
 .debug_macro   0x000000000001ce4c      0x47e ./Core/Src/main.o
 .debug_macro   0x000000000001d2ca      0x306 ./Core/Src/main.o
 .debug_macro   0x000000000001d5d0       0x52 ./Core/Src/main.o
 .debug_macro   0x000000000001d622       0x1e ./Core/Src/main.o
 .debug_macro   0x000000000001d640       0x3c ./Core/Src/main.o
 .debug_macro   0x000000000001d67c       0x34 ./Core/Src/main.o
 .debug_macro   0x000000000001d6b0       0x16 ./Core/Src/main.o
 .debug_macro   0x000000000001d6c6       0x43 ./Core/Src/main.o
 .debug_macro   0x000000000001d709       0x34 ./Core/Src/main.o
 .debug_macro   0x000000000001d73d       0x10 ./Core/Src/main.o
 .debug_macro   0x000000000001d74d       0x58 ./Core/Src/main.o
 .debug_macro   0x000000000001d7a5       0x71 ./Core/Src/main.o
 .debug_macro   0x000000000001d816       0x1c ./Core/Src/main.o
 .debug_macro   0x000000000001d832      0x12a ./Core/Src/main.o
 .debug_macro   0x000000000001d95c      0x341 ./Core/Src/main.o
 .debug_macro   0x000000000001dc9d      0x19b ./Core/Src/main.o
 .debug_macro   0x000000000001de38       0x1c ./Core/Src/main.o
 .debug_macro   0x000000000001de54       0x35 ./Core/Src/main.o
 .debug_macro   0x000000000001de89       0x10 ./Core/Src/main.o
 .debug_macro   0x000000000001de99       0x10 ./Core/Src/main.o
 .debug_macro   0x000000000001dea9       0x1c ./Core/Src/main.o
 .debug_macro   0x000000000001dec5       0x52 ./Core/Src/main.o
 .debug_macro   0x000000000001df17       0x22 ./Core/Src/main.o
 .debug_macro   0x000000000001df39       0x10 ./Core/Src/main.o
 .debug_macro   0x000000000001df49       0x52 ./Core/Src/main.o
 .debug_macro   0x000000000001df9b       0xd5 ./Core/Src/main.o
 .debug_macro   0x000000000001e070       0x1c ./Core/Src/main.o
 .debug_macro   0x000000000001e08c       0x3d ./Core/Src/main.o
 .debug_macro   0x000000000001e0c9       0x16 ./Core/Src/main.o
 .debug_macro   0x000000000001e0df      0x145 ./Core/Src/main.o
 .debug_macro   0x000000000001e224       0x16 ./Core/Src/main.o
 .debug_macro   0x000000000001e23a       0x20 ./Core/Src/main.o
 .debug_macro   0x000000000001e25a       0x16 ./Core/Src/main.o
 .debug_macro   0x000000000001e270       0x16 ./Core/Src/main.o
 .debug_macro   0x000000000001e286       0x29 ./Core/Src/main.o
 .debug_macro   0x000000000001e2af      0x1fb ./Core/Src/stm32g4xx_hal_msp.o
 .debug_macro   0x000000000001e4aa      0x205 ./Core/Src/stm32g4xx_it.o
 .debug_macro   0x000000000001e6af       0xff ./Core/Src/sysmem.o
 .debug_macro   0x000000000001e7ae      0x23b ./Core/Src/sysmem.o
 .debug_macro   0x000000000001e9e9      0x1f1 ./Core/Src/system_stm32g4xx.o
 .debug_macro   0x000000000001ebda      0x23f ./Drivers/STM32G4xx_HAL_Driver/Src/stm32g4xx_hal.o
 .debug_macro   0x000000000001ee19      0x20e ./Drivers/STM32G4xx_HAL_Driver/Src/stm32g4xx_hal_adc.o
 .debug_macro   0x000000000001f027      0x1f1 ./Drivers/STM32G4xx_HAL_Driver/Src/stm32g4xx_hal_cortex.o
 .debug_macro   0x000000000001f218      0x207 ./Drivers/STM32G4xx_HAL_Driver/Src/stm32g4xx_hal_dac.o
 .debug_macro   0x000000000001f41f      0x1f7 ./Drivers/STM32G4xx_HAL_Driver/Src/stm32g4xx_hal_dac_ex.o
 .debug_macro   0x000000000001f616      0x1f1 ./Drivers/STM32G4xx_HAL_Driver/Src/stm32g4xx_hal_dma.o
 .debug_macro   0x000000000001f807      0x1f8 ./Drivers/STM32G4xx_HAL_Driver/Src/stm32g4xx_hal_gpio.o
 .debug_macro   0x000000000001f9ff      0x21b ./Drivers/STM32G4xx_HAL_Driver/Src/stm32g4xx_hal_pwr_ex.o
 .debug_macro   0x000000000001fc1a      0x233 ./Drivers/STM32G4xx_HAL_Driver/Src/stm32g4xx_hal_rcc.o
 .debug_macro   0x000000000001fe4d      0x21b ./Drivers/STM32G4xx_HAL_Driver/Src/stm32g4xx_hal_rcc_ex.o
 .debug_macro   0x0000000000020068      0x1f9 ./Drivers/STM32G4xx_HAL_Driver/Src/stm32g4xx_hal_tim.o
 .debug_macro   0x0000000000020261      0x1f7 ./Drivers/STM32G4xx_HAL_Driver/Src/stm32g4xx_hal_tim_ex.o

.debug_line     0x0000000000000000    0x12583
 .debug_line    0x0000000000000000      0xe55 ./Core/Src/main.o
 .debug_line    0x0000000000000e55      0x89b ./Core/Src/stm32g4xx_hal_msp.o
 .debug_line    0x00000000000016f0      0x846 ./Core/Src/stm32g4xx_it.o
 .debug_line    0x0000000000001f36      0x530 ./Core/Src/sysmem.o
 .debug_line    0x0000000000002466      0x7bd ./Core/Src/system_stm32g4xx.o
 .debug_line    0x0000000000002c23       0x89 ./Core/Startup/startup_stm32g431rbtx.o
 .debug_line    0x0000000000002cac      0xb7c ./Drivers/STM32G4xx_HAL_Driver/Src/stm32g4xx_hal.o
 .debug_line    0x0000000000003828     0x1f55 ./Drivers/STM32G4xx_HAL_Driver/Src/stm32g4xx_hal_adc.o
 .debug_line    0x000000000000577d      0xce7 ./Drivers/STM32G4xx_HAL_Driver/Src/stm32g4xx_hal_cortex.o
 .debug_line    0x0000000000006464      0xd31 ./Drivers/STM32G4xx_HAL_Driver/Src/stm32g4xx_hal_dac.o
 .debug_line    0x0000000000007195      0xd60 ./Drivers/STM32G4xx_HAL_Driver/Src/stm32g4xx_hal_dac_ex.o
 .debug_line    0x0000000000007ef5      0xea0 ./Drivers/STM32G4xx_HAL_Driver/Src/stm32g4xx_hal_dma.o
 .debug_line    0x0000000000008d95      0xb77 ./Drivers/STM32G4xx_HAL_Driver/Src/stm32g4xx_hal_gpio.o
 .debug_line    0x000000000000990c      0xceb ./Drivers/STM32G4xx_HAL_Driver/Src/stm32g4xx_hal_pwr_ex.o
 .debug_line    0x000000000000a5f7      0xf47 ./Drivers/STM32G4xx_HAL_Driver/Src/stm32g4xx_hal_rcc.o
 .debug_line    0x000000000000b53e     0x110d ./Drivers/STM32G4xx_HAL_Driver/Src/stm32g4xx_hal_rcc_ex.o
 .debug_line    0x000000000000c64b     0x3e85 ./Drivers/STM32G4xx_HAL_Driver/Src/stm32g4xx_hal_tim.o
 .debug_line    0x00000000000104d0     0x20b3 ./Drivers/STM32G4xx_HAL_Driver/Src/stm32g4xx_hal_tim_ex.o

.debug_str      0x0000000000000000    0xd86e1
 .debug_str     0x0000000000000000    0xd3648 ./Core/Src/main.o
                                      0xd3d09 (size before relaxing)
 .debug_str     0x00000000000d3648      0x2a3 ./Core/Src/stm32g4xx_hal_msp.o
                                      0xcf1d1 (size before relaxing)
 .debug_str     0x00000000000d38eb      0x10e ./Core/Src/stm32g4xx_it.o
                                      0xce73e (size before relaxing)
 .debug_str     0x00000000000d39f9      0x4da ./Core/Src/sysmem.o
                                       0x5dbe (size before relaxing)
 .debug_str     0x00000000000d3ed3       0xdb ./Core/Src/system_stm32g4xx.o
                                      0xce570 (size before relaxing)
 .debug_str     0x00000000000d3fae       0x36 ./Core/Startup/startup_stm32g431rbtx.o
                                         0x80 (size before relaxing)
 .debug_str     0x00000000000d3fe4      0xa38 ./Drivers/STM32G4xx_HAL_Driver/Src/stm32g4xx_hal.o
                                      0xcf0af (size before relaxing)
 .debug_str     0x00000000000d4a1c      0xade ./Drivers/STM32G4xx_HAL_Driver/Src/stm32g4xx_hal_adc.o
                                      0xcf59d (size before relaxing)
 .debug_str     0x00000000000d54fa      0x344 ./Drivers/STM32G4xx_HAL_Driver/Src/stm32g4xx_hal_cortex.o
                                      0xced33 (size before relaxing)
 .debug_str     0x00000000000d583e      0x289 ./Drivers/STM32G4xx_HAL_Driver/Src/stm32g4xx_hal_dac.o
                                      0xcec45 (size before relaxing)
 .debug_str     0x00000000000d5ac7      0x278 ./Drivers/STM32G4xx_HAL_Driver/Src/stm32g4xx_hal_dac_ex.o
                                      0xcec74 (size before relaxing)
 .debug_str     0x00000000000d5d3f      0x285 ./Drivers/STM32G4xx_HAL_Driver/Src/stm32g4xx_hal_dma.o
                                      0xce94a (size before relaxing)
 .debug_str     0x00000000000d5fc4      0x15f ./Drivers/STM32G4xx_HAL_Driver/Src/stm32g4xx_hal_gpio.o
                                      0xce6fb (size before relaxing)
 .debug_str     0x00000000000d6123      0x495 ./Drivers/STM32G4xx_HAL_Driver/Src/stm32g4xx_hal_pwr_ex.o
                                      0xcea5e (size before relaxing)
 .debug_str     0x00000000000d65b8      0x4cc ./Drivers/STM32G4xx_HAL_Driver/Src/stm32g4xx_hal_rcc.o
                                      0xcec69 (size before relaxing)
 .debug_str     0x00000000000d6a84      0x40b ./Drivers/STM32G4xx_HAL_Driver/Src/stm32g4xx_hal_rcc_ex.o
                                      0xcec6a (size before relaxing)
 .debug_str     0x00000000000d6e8f      0xf5b ./Drivers/STM32G4xx_HAL_Driver/Src/stm32g4xx_hal_tim.o
                                      0xcfa6e (size before relaxing)
 .debug_str     0x00000000000d7dea      0x8f7 ./Drivers/STM32G4xx_HAL_Driver/Src/stm32g4xx_hal_tim_ex.o
                                      0xcf6e2 (size before relaxing)

.comment        0x0000000000000000       0x50
 .comment       0x0000000000000000       0x50 ./Core/Src/main.o
                                         0x51 (size before relaxing)
 .comment       0x0000000000000050       0x51 ./Core/Src/stm32g4xx_hal_msp.o
 .comment       0x0000000000000050       0x51 ./Core/Src/stm32g4xx_it.o
 .comment       0x0000000000000050       0x51 ./Core/Src/sysmem.o
 .comment       0x0000000000000050       0x51 ./Core/Src/system_stm32g4xx.o
 .comment       0x0000000000000050       0x51 ./Drivers/STM32G4xx_HAL_Driver/Src/stm32g4xx_hal.o
 .comment       0x0000000000000050       0x51 ./Drivers/STM32G4xx_HAL_Driver/Src/stm32g4xx_hal_adc.o
 .comment       0x0000000000000050       0x51 ./Drivers/STM32G4xx_HAL_Driver/Src/stm32g4xx_hal_cortex.o
 .comment       0x0000000000000050       0x51 ./Drivers/STM32G4xx_HAL_Driver/Src/stm32g4xx_hal_dac.o
 .comment       0x0000000000000050       0x51 ./Drivers/STM32G4xx_HAL_Driver/Src/stm32g4xx_hal_dac_ex.o
 .comment       0x0000000000000050       0x51 ./Drivers/STM32G4xx_HAL_Driver/Src/stm32g4xx_hal_dma.o
 .comment       0x0000000000000050       0x51 ./Drivers/STM32G4xx_HAL_Driver/Src/stm32g4xx_hal_gpio.o
 .comment       0x0000000000000050       0x51 ./Drivers/STM32G4xx_HAL_Driver/Src/stm32g4xx_hal_pwr_ex.o
 .comment       0x0000000000000050       0x51 ./Drivers/STM32G4xx_HAL_Driver/Src/stm32g4xx_hal_rcc.o
 .comment       0x0000000000000050       0x51 ./Drivers/STM32G4xx_HAL_Driver/Src/stm32g4xx_hal_rcc_ex.o
 .comment       0x0000000000000050       0x51 ./Drivers/STM32G4xx_HAL_Driver/Src/stm32g4xx_hal_tim.o
 .comment       0x0000000000000050       0x51 ./Drivers/STM32G4xx_HAL_Driver/Src/stm32g4xx_hal_tim_ex.o

.debug_frame    0x0000000000000000     0x50e4
 .debug_frame   0x0000000000000000      0x228 ./Core/Src/main.o
 .debug_frame   0x0000000000000228      0x10c ./Core/Src/stm32g4xx_hal_msp.o
 .debug_frame   0x0000000000000334      0x13c ./Core/Src/stm32g4xx_it.o
 .debug_frame   0x0000000000000470       0x34 ./Core/Src/sysmem.o
 .debug_frame   0x00000000000004a4       0x58 ./Core/Src/system_stm32g4xx.o
 .debug_frame   0x00000000000004fc      0x500 ./Drivers/STM32G4xx_HAL_Driver/Src/stm32g4xx_hal.o
 .debug_frame   0x00000000000009fc      0xacc ./Drivers/STM32G4xx_HAL_Driver/Src/stm32g4xx_hal_adc.o
 .debug_frame   0x00000000000014c8      0x498 ./Drivers/STM32G4xx_HAL_Driver/Src/stm32g4xx_hal_cortex.o
 .debug_frame   0x0000000000001960      0x338 ./Drivers/STM32G4xx_HAL_Driver/Src/stm32g4xx_hal_dac.o
 .debug_frame   0x0000000000001c98      0x344 ./Drivers/STM32G4xx_HAL_Driver/Src/stm32g4xx_hal_dac_ex.o
 .debug_frame   0x0000000000001fdc      0x24c ./Drivers/STM32G4xx_HAL_Driver/Src/stm32g4xx_hal_dma.o
 .debug_frame   0x0000000000002228      0x14c ./Drivers/STM32G4xx_HAL_Driver/Src/stm32g4xx_hal_gpio.o
 .debug_frame   0x0000000000002374      0x4fc ./Drivers/STM32G4xx_HAL_Driver/Src/stm32g4xx_hal_pwr_ex.o
 .debug_frame   0x0000000000002870      0x23c ./Drivers/STM32G4xx_HAL_Driver/Src/stm32g4xx_hal_rcc.o
 .debug_frame   0x0000000000002aac      0x2ac ./Drivers/STM32G4xx_HAL_Driver/Src/stm32g4xx_hal_rcc_ex.o
 .debug_frame   0x0000000000002d58     0x121c ./Drivers/STM32G4xx_HAL_Driver/Src/stm32g4xx_hal_tim.o
 .debug_frame   0x0000000000003f74      0xa68 ./Drivers/STM32G4xx_HAL_Driver/Src/stm32g4xx_hal_tim_ex.o
 .debug_frame   0x00000000000049dc       0x20 e:/stm32cubeide1.9.0/stm32cubeide_1.9.0/stm32cubeide/plugins/com.st.stm32cube.ide.mcu.externaltools.gnu-tools-for-stm32.10.3-2021.10.win32_1.0.0.202111181127/tools/bin/../lib/gcc/arm-none-eabi/10.3.1/../../../../arm-none-eabi/lib/thumb/v7e-m+fp/hard\libc_nano.a(lib_a-errno.o)
 .debug_frame   0x00000000000049fc       0x2c e:/stm32cubeide1.9.0/stm32cubeide_1.9.0/stm32cubeide/plugins/com.st.stm32cube.ide.mcu.externaltools.gnu-tools-for-stm32.10.3-2021.10.win32_1.0.0.202111181127/tools/bin/../lib/gcc/arm-none-eabi/10.3.1/../../../../arm-none-eabi/lib/thumb/v7e-m+fp/hard\libc_nano.a(lib_a-init.o)